[    0.000000] Linux version 5.14.15-200.fc34.x86_64 (mockbuild@bkernel02.iad2.fedoraproject.org) (gcc (GCC) 11.2.1 20210728 (Red Hat 11.2.1-1), GNU ld version 2.35.2-6.fc34) #1 SMP Wed Oct 27 15:53:30 UTC 2021
[    0.000000] Command line: BOOT_IMAGE=(hd0,gpt7)/vmlinuz-5.14.15-200.fc34.x86_64 root=/dev/mapper/fedora_localhost--live-root ro resume=/dev/mapper/fedora_localhost--live-swap rd.lvm.lv=fedora_localhost-live/root rd.lvm.lv=fedora_localhost-live/swap rhgb quiet bluetooth.disable_ertm=Y
[    0.000000] x86/fpu: Supporting XSAVE feature 0x001: 'x87 floating point registers'
[    0.000000] x86/fpu: Supporting XSAVE feature 0x002: 'SSE registers'
[    0.000000] x86/fpu: Supporting XSAVE feature 0x004: 'AVX registers'
[    0.000000] x86/fpu: Supporting XSAVE feature 0x008: 'MPX bounds registers'
[    0.000000] x86/fpu: Supporting XSAVE feature 0x010: 'MPX CSR'
[    0.000000] x86/fpu: xstate_offset[2]:  576, xstate_sizes[2]:  256
[    0.000000] x86/fpu: xstate_offset[3]:  832, xstate_sizes[3]:   64
[    0.000000] x86/fpu: xstate_offset[4]:  896, xstate_sizes[4]:   64
[    0.000000] x86/fpu: Enabled xstate features 0x1f, context size is 960 bytes, using 'compacted' format.
[    0.000000] signal: max sigframe size: 2032
[    0.000000] BIOS-provided physical RAM map:
[    0.000000] BIOS-e820: [mem 0x0000000000000000-0x000000000009dfff] usable
[    0.000000] BIOS-e820: [mem 0x000000000009e000-0x000000000009efff] reserved
[    0.000000] BIOS-e820: [mem 0x000000000009f000-0x000000000009ffff] usable
[    0.000000] BIOS-e820: [mem 0x00000000000a0000-0x00000000000fffff] reserved
[    0.000000] BIOS-e820: [mem 0x0000000000100000-0x000000003fffffff] usable
[    0.000000] BIOS-e820: [mem 0x0000000040000000-0x00000000403fffff] reserved
[    0.000000] BIOS-e820: [mem 0x0000000040400000-0x0000000055ab3fff] usable
[    0.000000] BIOS-e820: [mem 0x0000000055ab4000-0x0000000055ab4fff] ACPI NVS
[    0.000000] BIOS-e820: [mem 0x0000000055ab5000-0x0000000055ab5fff] reserved
[    0.000000] BIOS-e820: [mem 0x0000000055ab6000-0x000000006a1e5fff] usable
[    0.000000] BIOS-e820: [mem 0x000000006a1e6000-0x000000006cffdfff] reserved
[    0.000000] BIOS-e820: [mem 0x000000006cffe000-0x000000006d07afff] ACPI data
[    0.000000] BIOS-e820: [mem 0x000000006d07b000-0x000000006d9effff] ACPI NVS
[    0.000000] BIOS-e820: [mem 0x000000006d9f0000-0x000000006fffefff] reserved
[    0.000000] BIOS-e820: [mem 0x000000006ffff000-0x000000006fffffff] usable
[    0.000000] BIOS-e820: [mem 0x0000000070000000-0x0000000077ffffff] reserved
[    0.000000] BIOS-e820: [mem 0x0000000078000000-0x0000000078dfffff] usable
[    0.000000] BIOS-e820: [mem 0x0000000078e00000-0x000000007f7fffff] reserved
[    0.000000] BIOS-e820: [mem 0x00000000f0000000-0x00000000f7ffffff] reserved
[    0.000000] BIOS-e820: [mem 0x00000000fe000000-0x00000000fe010fff] reserved
[    0.000000] BIOS-e820: [mem 0x00000000fec00000-0x00000000fec00fff] reserved
[    0.000000] BIOS-e820: [mem 0x00000000fee00000-0x00000000fee00fff] reserved
[    0.000000] BIOS-e820: [mem 0x00000000ff000000-0x00000000ffffffff] reserved
[    0.000000] BIOS-e820: [mem 0x0000000100000000-0x000000087c7fffff] usable
[    0.000000] NX (Execute Disable) protection: active
[    0.000000] e820: update [mem 0x4ffa9018-0x4ffb7657] usable ==> usable
[    0.000000] e820: update [mem 0x4ffa9018-0x4ffb7657] usable ==> usable
[    0.000000] extended physical RAM map:
[    0.000000] reserve setup_data: [mem 0x0000000000000000-0x000000000009dfff] usable
[    0.000000] reserve setup_data: [mem 0x000000000009e000-0x000000000009efff] reserved
[    0.000000] reserve setup_data: [mem 0x000000000009f000-0x000000000009ffff] usable
[    0.000000] reserve setup_data: [mem 0x00000000000a0000-0x00000000000fffff] reserved
[    0.000000] reserve setup_data: [mem 0x0000000000100000-0x000000003fffffff] usable
[    0.000000] reserve setup_data: [mem 0x0000000040000000-0x00000000403fffff] reserved
[    0.000000] reserve setup_data: [mem 0x0000000040400000-0x000000004ffa9017] usable
[    0.000000] reserve setup_data: [mem 0x000000004ffa9018-0x000000004ffb7657] usable
[    0.000000] reserve setup_data: [mem 0x000000004ffb7658-0x0000000055ab3fff] usable
[    0.000000] reserve setup_data: [mem 0x0000000055ab4000-0x0000000055ab4fff] ACPI NVS
[    0.000000] reserve setup_data: [mem 0x0000000055ab5000-0x0000000055ab5fff] reserved
[    0.000000] reserve setup_data: [mem 0x0000000055ab6000-0x000000006a1e5fff] usable
[    0.000000] reserve setup_data: [mem 0x000000006a1e6000-0x000000006cffdfff] reserved
[    0.000000] reserve setup_data: [mem 0x000000006cffe000-0x000000006d07afff] ACPI data
[    0.000000] reserve setup_data: [mem 0x000000006d07b000-0x000000006d9effff] ACPI NVS
[    0.000000] reserve setup_data: [mem 0x000000006d9f0000-0x000000006fffefff] reserved
[    0.000000] reserve setup_data: [mem 0x000000006ffff000-0x000000006fffffff] usable
[    0.000000] reserve setup_data: [mem 0x0000000070000000-0x0000000077ffffff] reserved
[    0.000000] reserve setup_data: [mem 0x0000000078000000-0x0000000078dfffff] usable
[    0.000000] reserve setup_data: [mem 0x0000000078e00000-0x000000007f7fffff] reserved
[    0.000000] reserve setup_data: [mem 0x00000000f0000000-0x00000000f7ffffff] reserved
[    0.000000] reserve setup_data: [mem 0x00000000fe000000-0x00000000fe010fff] reserved
[    0.000000] reserve setup_data: [mem 0x00000000fec00000-0x00000000fec00fff] reserved
[    0.000000] reserve setup_data: [mem 0x00000000fee00000-0x00000000fee00fff] reserved
[    0.000000] reserve setup_data: [mem 0x00000000ff000000-0x00000000ffffffff] reserved
[    0.000000] reserve setup_data: [mem 0x0000000100000000-0x000000087c7fffff] usable
[    0.000000] efi: EFI v2.70 by American Megatrends
[    0.000000] efi: ACPI 2.0=0x6d017000 ACPI=0x6d017000 SMBIOS=0xf0000 SMBIOS 3.0=0xf0020 TPMFinalLog=0x6d92e000 ESRT=0x6fa74698 MEMATTR=0x678f6018 MOKvar=0x678fb000 RNG=0x6fad2f98 TPMEventLog=0x55bd7018 
[    0.000000] efi: seeding entropy pool
[    0.000000] secureboot: Secure boot disabled
[    0.000000] SMBIOS 3.2.0 present.
[    0.000000] DMI: Dell Inc. Precision 5540/07C17G, BIOS 1.12.0 06/10/2021
[    0.000000] tsc: Detected 2600.000 MHz processor
[    0.000000] tsc: Detected 2599.992 MHz TSC
[    0.002607] e820: update [mem 0x00000000-0x00000fff] usable ==> reserved
[    0.002610] e820: remove [mem 0x000a0000-0x000fffff] usable
[    0.002614] last_pfn = 0x87c800 max_arch_pfn = 0x400000000
[    0.002720] x86/PAT: Configuration [0-7]: WB  WC  UC- UC  WB  WP  UC- WT  
[    0.003373] last_pfn = 0x78e00 max_arch_pfn = 0x400000000
[    0.008968] esrt: Reserving ESRT space from 0x000000006fa74698 to 0x000000006fa746d0.
[    0.008973] e820: update [mem 0x678fb000-0x678fbfff] usable ==> reserved
[    0.008984] Using GB pages for direct mapping
[    0.009163] secureboot: Secure boot disabled
[    0.009164] RAMDISK: [mem 0x4ffb8000-0x52251fff]
[    0.009167] ACPI: Early table checksum verification disabled
[    0.009169] ACPI: RSDP 0x000000006D017000 000024 (v02 DELL  )
[    0.009172] ACPI: XSDT 0x000000006D0170C8 000114 (v01 DELL   CBX3     01072009 AMI  00010013)
[    0.009175] ACPI: FACP 0x000000006D0580A8 000114 (v06 DELL   CBX3     01072009 AMI  00010013)
[    0.009178] ACPI: DSDT 0x000000006D017270 040E36 (v02 DELL   CBX3     01072009 INTL 20160527)
[    0.009180] ACPI: FACS 0x000000006D9EEC00 000040
[    0.009182] ACPI: APIC 0x000000006D0581C0 0000F4 (v04 DELL   CBX3     01072009 AMI  00010013)
[    0.009184] ACPI: FPDT 0x000000006D0582B8 000044 (v01 DELL   CBX3     01072009 AMI  00010013)
[    0.009186] ACPI: FIDT 0x000000006D058300 00009C (v01 DELL   CBX3     01072009 AMI  00010013)
[    0.009188] ACPI: MCFG 0x000000006D0583A0 00003C (v01 DELL   CBX3     01072009 MSFT 00000097)
[    0.009189] ACPI: SSDT 0x000000006D0583E0 001B26 (v02 CpuRef CpuSsdt  00003000 INTL 20160527)
[    0.009191] ACPI: BOOT 0x000000006D059F08 000028 (v01 DELL   CBX3     01072009 AMI  00010013)
[    0.009193] ACPI: SSDT 0x000000006D059F30 001663 (v02 SaSsdt SaSsdt   00003000 INTL 20160527)
[    0.009195] ACPI: SSDT 0x000000006D05B598 002644 (v02 PegSsd PegSsdt  00001000 INTL 20160527)
[    0.009197] ACPI: HPET 0x000000006D05DBE0 000038 (v01 DELL\x CBX3     00000002      01000013)
[    0.009199] ACPI: SSDT 0x000000006D05DC18 001441 (v02 DELL\x CflH_Tbt 00001000 INTL 20160527)
[    0.009201] ACPI: UEFI 0x000000006D05F060 000042 (v01 DELL\x CBX3     00000002      01000013)
[    0.009202] ACPI: LPIT 0x000000006D05F0A8 000094 (v01 DELL\x CBX3     00000002      01000013)
[    0.009204] ACPI: WSMT 0x000000006D05F140 000028 (v01 DELL   CBX3     00000002      01000013)
[    0.009206] ACPI: SSDT 0x000000006D05F168 0027DE (v02 DELL\x PtidDevc 00001000 INTL 20160527)
[    0.009208] ACPI: SSDT 0x000000006D061948 00037A (v02 DELL\x TbtTypeC 00000000 INTL 20160527)
[    0.009210] ACPI: DBGP 0x000000006D061CC8 000034 (v01 DELL\x CBX3     00000002      01000013)
[    0.009211] ACPI: DBG2 0x000000006D061D00 000054 (v00 DELL\x CBX3     00000002      01000013)
[    0.009213] ACPI: SSDT 0x000000006D061D58 0007DC (v02 DELL\x UsbCTabl 00001000 INTL 20160527)
[    0.009215] ACPI: SSDT 0x000000006D062538 00BE4B (v02 DptfTa DptfTabl 00001000 INTL 20160527)
[    0.009217] ACPI: MSDM 0x000000006D06E388 000055 (v03 DELL   CBX3     06222004 AMI  00010013)
[    0.009219] ACPI: SLIC 0x000000006D06E3E0 000176 (v03 DELL   CBX3     01072009 MSFT 00010013)
[    0.009220] ACPI: DMAR 0x000000006D06E558 0000C8 (v01 INTEL  EDK2     00000002      01000013)
[    0.009222] ACPI: SSDT 0x000000006D06E620 000144 (v02 Intel  ADebTabl 00001000 INTL 20160527)
[    0.009224] ACPI: SSDT 0x000000006D06E768 0000AE (v02 SgRef  SgPeg    00001000 INTL 20160527)
[    0.009226] ACPI: NHLT 0x000000006D06E818 00002D (v00 INTEL  EDK2     00000002      01000013)
[    0.009228] ACPI: BGRT 0x000000006D06E848 000038 (v00 DELL   CBX3     01072009 AMI  00010013)
[    0.009230] ACPI: TPM2 0x000000006D06E880 000034 (v04 DELL\x CBX3     00000001 AMI  00000000)
[    0.009231] ACPI: ASF! 0x000000006D06E8B8 0000A0 (v32 DELL\x CBX3     00000002      01000013)
[    0.009233] ACPI: SSDT 0x000000006D06E958 001E51 (v01 OptRef OptTabl  00001000 INTL 20160527)
[    0.009235] ACPI: Reserving FACP table memory at [mem 0x6d0580a8-0x6d0581bb]
[    0.009236] ACPI: Reserving DSDT table memory at [mem 0x6d017270-0x6d0580a5]
[    0.009236] ACPI: Reserving FACS table memory at [mem 0x6d9eec00-0x6d9eec3f]
[    0.009237] ACPI: Reserving APIC table memory at [mem 0x6d0581c0-0x6d0582b3]
[    0.009238] ACPI: Reserving FPDT table memory at [mem 0x6d0582b8-0x6d0582fb]
[    0.009238] ACPI: Reserving FIDT table memory at [mem 0x6d058300-0x6d05839b]
[    0.009239] ACPI: Reserving MCFG table memory at [mem 0x6d0583a0-0x6d0583db]
[    0.009240] ACPI: Reserving SSDT table memory at [mem 0x6d0583e0-0x6d059f05]
[    0.009240] ACPI: Reserving BOOT table memory at [mem 0x6d059f08-0x6d059f2f]
[    0.009241] ACPI: Reserving SSDT table memory at [mem 0x6d059f30-0x6d05b592]
[    0.009242] ACPI: Reserving SSDT table memory at [mem 0x6d05b598-0x6d05dbdb]
[    0.009242] ACPI: Reserving HPET table memory at [mem 0x6d05dbe0-0x6d05dc17]
[    0.009243] ACPI: Reserving SSDT table memory at [mem 0x6d05dc18-0x6d05f058]
[    0.009243] ACPI: Reserving UEFI table memory at [mem 0x6d05f060-0x6d05f0a1]
[    0.009244] ACPI: Reserving LPIT table memory at [mem 0x6d05f0a8-0x6d05f13b]
[    0.009245] ACPI: Reserving WSMT table memory at [mem 0x6d05f140-0x6d05f167]
[    0.009245] ACPI: Reserving SSDT table memory at [mem 0x6d05f168-0x6d061945]
[    0.009246] ACPI: Reserving SSDT table memory at [mem 0x6d061948-0x6d061cc1]
[    0.009247] ACPI: Reserving DBGP table memory at [mem 0x6d061cc8-0x6d061cfb]
[    0.009247] ACPI: Reserving DBG2 table memory at [mem 0x6d061d00-0x6d061d53]
[    0.009248] ACPI: Reserving SSDT table memory at [mem 0x6d061d58-0x6d062533]
[    0.009249] ACPI: Reserving SSDT table memory at [mem 0x6d062538-0x6d06e382]
[    0.009249] ACPI: Reserving MSDM table memory at [mem 0x6d06e388-0x6d06e3dc]
[    0.009250] ACPI: Reserving SLIC table memory at [mem 0x6d06e3e0-0x6d06e555]
[    0.009250] ACPI: Reserving DMAR table memory at [mem 0x6d06e558-0x6d06e61f]
[    0.009251] ACPI: Reserving SSDT table memory at [mem 0x6d06e620-0x6d06e763]
[    0.009252] ACPI: Reserving SSDT table memory at [mem 0x6d06e768-0x6d06e815]
[    0.009252] ACPI: Reserving NHLT table memory at [mem 0x6d06e818-0x6d06e844]
[    0.009253] ACPI: Reserving BGRT table memory at [mem 0x6d06e848-0x6d06e87f]
[    0.009254] ACPI: Reserving TPM2 table memory at [mem 0x6d06e880-0x6d06e8b3]
[    0.009254] ACPI: Reserving ASF! table memory at [mem 0x6d06e8b8-0x6d06e957]
[    0.009255] ACPI: Reserving SSDT table memory at [mem 0x6d06e958-0x6d0707a8]
[    0.009519] No NUMA configuration found
[    0.009519] Faking a node at [mem 0x0000000000000000-0x000000087c7fffff]
[    0.009525] NODE_DATA(0) allocated [mem 0x87c7d5000-0x87c7fffff]
[    0.045364] Zone ranges:
[    0.045364]   DMA      [mem 0x0000000000001000-0x0000000000ffffff]
[    0.045366]   DMA32    [mem 0x0000000001000000-0x00000000ffffffff]
[    0.045367]   Normal   [mem 0x0000000100000000-0x000000087c7fffff]
[    0.045368]   Device   empty
[    0.045369] Movable zone start for each node
[    0.045371] Early memory node ranges
[    0.045371]   node   0: [mem 0x0000000000001000-0x000000000009dfff]
[    0.045372]   node   0: [mem 0x000000000009f000-0x000000000009ffff]
[    0.045373]   node   0: [mem 0x0000000000100000-0x000000003fffffff]
[    0.045374]   node   0: [mem 0x0000000040400000-0x0000000055ab3fff]
[    0.045374]   node   0: [mem 0x0000000055ab6000-0x000000006a1e5fff]
[    0.045375]   node   0: [mem 0x000000006ffff000-0x000000006fffffff]
[    0.045375]   node   0: [mem 0x0000000078000000-0x0000000078dfffff]
[    0.045376]   node   0: [mem 0x0000000100000000-0x000000087c7fffff]
[    0.045378] Initmem setup node 0 [mem 0x0000000000001000-0x000000087c7fffff]
[    0.045381] On node 0, zone DMA: 1 pages in unavailable ranges
[    0.045382] On node 0, zone DMA: 1 pages in unavailable ranges
[    0.045398] On node 0, zone DMA: 96 pages in unavailable ranges
[    0.046895] On node 0, zone DMA32: 1024 pages in unavailable ranges
[    0.047259] On node 0, zone DMA32: 2 pages in unavailable ranges
[    0.047421] On node 0, zone DMA32: 24089 pages in unavailable ranges
[    0.082199] On node 0, zone Normal: 29184 pages in unavailable ranges
[    0.082291] On node 0, zone Normal: 14336 pages in unavailable ranges
[    0.082318] Reserving Intel graphics memory at [mem 0x7b800000-0x7f7fffff]
[    0.083760] ACPI: PM-Timer IO Port: 0x1808
[    0.083765] ACPI: LAPIC_NMI (acpi_id[0x01] high edge lint[0x1])
[    0.083766] ACPI: LAPIC_NMI (acpi_id[0x02] high edge lint[0x1])
[    0.083767] ACPI: LAPIC_NMI (acpi_id[0x03] high edge lint[0x1])
[    0.083767] ACPI: LAPIC_NMI (acpi_id[0x04] high edge lint[0x1])
[    0.083768] ACPI: LAPIC_NMI (acpi_id[0x05] high edge lint[0x1])
[    0.083768] ACPI: LAPIC_NMI (acpi_id[0x06] high edge lint[0x1])
[    0.083769] ACPI: LAPIC_NMI (acpi_id[0x07] high edge lint[0x1])
[    0.083769] ACPI: LAPIC_NMI (acpi_id[0x08] high edge lint[0x1])
[    0.083770] ACPI: LAPIC_NMI (acpi_id[0x09] high edge lint[0x1])
[    0.083770] ACPI: LAPIC_NMI (acpi_id[0x0a] high edge lint[0x1])
[    0.083770] ACPI: LAPIC_NMI (acpi_id[0x0b] high edge lint[0x1])
[    0.083771] ACPI: LAPIC_NMI (acpi_id[0x0c] high edge lint[0x1])
[    0.083831] IOAPIC[0]: apic_id 2, version 32, address 0xfec00000, GSI 0-119
[    0.083832] ACPI: INT_SRC_OVR (bus 0 bus_irq 0 global_irq 2 dfl dfl)
[    0.083834] ACPI: INT_SRC_OVR (bus 0 bus_irq 9 global_irq 9 high level)
[    0.083836] ACPI: Using ACPI (MADT) for SMP configuration information
[    0.083837] ACPI: HPET id: 0x8086a201 base: 0xfed00000
[    0.083841] e820: update [mem 0x652a0000-0x65308fff] usable ==> reserved
[    0.083848] TSC deadline timer available
[    0.083849] smpboot: Allowing 12 CPUs, 0 hotplug CPUs
[    0.083865] PM: hibernation: Registered nosave memory: [mem 0x00000000-0x00000fff]
[    0.083866] PM: hibernation: Registered nosave memory: [mem 0x0009e000-0x0009efff]
[    0.083868] PM: hibernation: Registered nosave memory: [mem 0x000a0000-0x000fffff]
[    0.083869] PM: hibernation: Registered nosave memory: [mem 0x40000000-0x403fffff]
[    0.083870] PM: hibernation: Registered nosave memory: [mem 0x4ffa9000-0x4ffa9fff]
[    0.083871] PM: hibernation: Registered nosave memory: [mem 0x4ffb7000-0x4ffb7fff]
[    0.083872] PM: hibernation: Registered nosave memory: [mem 0x55ab4000-0x55ab4fff]
[    0.083873] PM: hibernation: Registered nosave memory: [mem 0x55ab5000-0x55ab5fff]
[    0.083874] PM: hibernation: Registered nosave memory: [mem 0x652a0000-0x65308fff]
[    0.083875] PM: hibernation: Registered nosave memory: [mem 0x678fb000-0x678fbfff]
[    0.083876] PM: hibernation: Registered nosave memory: [mem 0x6a1e6000-0x6cffdfff]
[    0.083877] PM: hibernation: Registered nosave memory: [mem 0x6cffe000-0x6d07afff]
[    0.083877] PM: hibernation: Registered nosave memory: [mem 0x6d07b000-0x6d9effff]
[    0.083878] PM: hibernation: Registered nosave memory: [mem 0x6d9f0000-0x6fffefff]
[    0.083879] PM: hibernation: Registered nosave memory: [mem 0x70000000-0x77ffffff]
[    0.083880] PM: hibernation: Registered nosave memory: [mem 0x78e00000-0x7f7fffff]
[    0.083881] PM: hibernation: Registered nosave memory: [mem 0x7f800000-0xefffffff]
[    0.083881] PM: hibernation: Registered nosave memory: [mem 0xf0000000-0xf7ffffff]
[    0.083882] PM: hibernation: Registered nosave memory: [mem 0xf8000000-0xfdffffff]
[    0.083882] PM: hibernation: Registered nosave memory: [mem 0xfe000000-0xfe010fff]
[    0.083883] PM: hibernation: Registered nosave memory: [mem 0xfe011000-0xfebfffff]
[    0.083883] PM: hibernation: Registered nosave memory: [mem 0xfec00000-0xfec00fff]
[    0.083883] PM: hibernation: Registered nosave memory: [mem 0xfec01000-0xfedfffff]
[    0.083884] PM: hibernation: Registered nosave memory: [mem 0xfee00000-0xfee00fff]
[    0.083884] PM: hibernation: Registered nosave memory: [mem 0xfee01000-0xfeffffff]
[    0.083885] PM: hibernation: Registered nosave memory: [mem 0xff000000-0xffffffff]
[    0.083886] [mem 0x7f800000-0xefffffff] available for PCI devices
[    0.083887] Booting paravirtualized kernel on bare hardware
[    0.083888] clocksource: refined-jiffies: mask: 0xffffffff max_cycles: 0xffffffff, max_idle_ns: 1910969940391419 ns
[    0.087764] setup_percpu: NR_CPUS:8192 nr_cpumask_bits:12 nr_cpu_ids:12 nr_node_ids:1
[    0.087974] percpu: Embedded 55 pages/cpu s188416 r8192 d28672 u262144
[    0.087979] pcpu-alloc: s188416 r8192 d28672 u262144 alloc=1*2097152
[    0.087981] pcpu-alloc: [0] 00 01 02 03 04 05 06 07 [0] 08 09 10 11 -- -- -- -- 
[    0.088004] Built 1 zonelists, mobility grouping on.  Total pages: 8157461
[    0.088005] Policy zone: Normal
[    0.088006] Kernel command line: BOOT_IMAGE=(hd0,gpt7)/vmlinuz-5.14.15-200.fc34.x86_64 root=/dev/mapper/fedora_localhost--live-root ro resume=/dev/mapper/fedora_localhost--live-swap rd.lvm.lv=fedora_localhost-live/root rd.lvm.lv=fedora_localhost-live/swap rhgb quiet bluetooth.disable_ertm=Y
[    0.088085] Unknown command line parameters: rhgb BOOT_IMAGE=(hd0,gpt7)/vmlinuz-5.14.15-200.fc34.x86_64
[    0.089213] Dentry cache hash table entries: 4194304 (order: 13, 33554432 bytes, linear)
[    0.090111] Inode-cache hash table entries: 2097152 (order: 12, 16777216 bytes, linear)
[    0.090184] mem auto-init: stack:off, heap alloc:off, heap free:off
[    0.140519] Memory: 32325952K/33148428K available (16393K kernel code, 3531K rwdata, 10060K rodata, 2872K init, 4908K bss, 822216K reserved, 0K cma-reserved)
[    0.140523] random: get_random_u64 called from __kmem_cache_create+0x2a/0x500 with crng_init=0
[    0.140624] SLUB: HWalign=64, Order=0-3, MinObjects=0, CPUs=12, Nodes=1
[    0.140634] Kernel/User page tables isolation: enabled
[    0.140649] ftrace: allocating 46961 entries in 184 pages
[    0.151631] ftrace: allocated 184 pages with 4 groups
[    0.151701] rcu: Hierarchical RCU implementation.
[    0.151702] rcu: 	RCU restricting CPUs from NR_CPUS=8192 to nr_cpu_ids=12.
[    0.151703] 	Trampoline variant of Tasks RCU enabled.
[    0.151703] 	Rude variant of Tasks RCU enabled.
[    0.151704] 	Tracing variant of Tasks RCU enabled.
[    0.151704] rcu: RCU calculated value of scheduler-enlistment delay is 100 jiffies.
[    0.151705] rcu: Adjusting geometry for rcu_fanout_leaf=16, nr_cpu_ids=12
[    0.154478] NR_IRQS: 524544, nr_irqs: 2152, preallocated irqs: 16
[    0.155045] random: crng done (trusting CPU's manufacturer)
[    0.155065] Console: colour dummy device 80x25
[    0.155076] printk: console [tty0] enabled
[    0.155092] ACPI: Core revision 20210604
[    0.155307] hpet: HPET dysfunctional in PC10. Force disabled.
[    0.155308] APIC: Switch to symmetric I/O mode setup
[    0.155309] DMAR: Host address width 39
[    0.155310] DMAR: DRHD base: 0x000000fed90000 flags: 0x0
[    0.155314] DMAR: dmar0: reg_base_addr fed90000 ver 1:0 cap 1c0000c40660462 ecap 19e2ff0505e
[    0.155315] DMAR: DRHD base: 0x000000fed91000 flags: 0x1
[    0.155317] DMAR: dmar1: reg_base_addr fed91000 ver 1:0 cap d2008c40660462 ecap f050da
[    0.155319] DMAR: RMRR base: 0x0000006ced2000 end: 0x0000006cef1fff
[    0.155320] DMAR: RMRR base: 0x0000007b000000 end: 0x0000007f7fffff
[    0.155320] DMAR: RMRR base: 0x0000006cf7e000 end: 0x0000006cffdfff
[    0.155321] DMAR-IR: IOAPIC id 2 under DRHD base  0xfed91000 IOMMU 1
[    0.155322] DMAR-IR: HPET id 0 under DRHD base 0xfed91000
[    0.155323] DMAR-IR: Queued invalidation will be enabled to support x2apic and Intr-remapping.
[    0.158764] DMAR-IR: Enabled IRQ remapping in x2apic mode
[    0.158765] x2apic enabled
[    0.158796] Switched APIC routing to cluster x2apic.
[    0.167792] clocksource: tsc-early: mask: 0xffffffffffffffff max_cycles: 0x257a34a6eea, max_idle_ns: 440795264358 ns
[    0.167805] Calibrating delay loop (skipped), value calculated using timer frequency.. 5199.98 BogoMIPS (lpj=2599992)
[    0.167807] pid_max: default: 32768 minimum: 301
[    0.168802] LSM: Security Framework initializing
[    0.168802] Yama: becoming mindful.
[    0.168802] SELinux:  Initializing.
[    0.168802] LSM support for eBPF active
[    0.168802] landlock: Up and running.
[    0.168802] Mount-cache hash table entries: 65536 (order: 7, 524288 bytes, linear)
[    0.168802] Mountpoint-cache hash table entries: 65536 (order: 7, 524288 bytes, linear)
[    0.168802] CPU0: Thermal monitoring enabled (TM1)
[    0.168802] process: using mwait in idle threads
[    0.168802] Last level iTLB entries: 4KB 64, 2MB 8, 4MB 8
[    0.168802] Last level dTLB entries: 4KB 64, 2MB 0, 4MB 0, 1GB 4
[    0.168802] Spectre V1 : Mitigation: usercopy/swapgs barriers and __user pointer sanitization
[    0.168802] Spectre V2 : Mitigation: Full generic retpoline
[    0.168802] Spectre V2 : Spectre v2 / SpectreRSB mitigation: Filling RSB on context switch
[    0.168802] Spectre V2 : Enabling Restricted Speculation for firmware calls
[    0.168802] Spectre V2 : mitigation: Enabling conditional Indirect Branch Prediction Barrier
[    0.168802] Spectre V2 : User space: Mitigation: STIBP via seccomp and prctl
[    0.168802] Speculative Store Bypass: Mitigation: Speculative Store Bypass disabled via prctl and seccomp
[    0.168802] SRBDS: Mitigation: Microcode
[    0.168802] MDS: Mitigation: Clear CPU buffers
[    0.168802] Freeing SMP alternatives memory: 44K
[    0.168802] smpboot: Estimated ratio of average max frequency by base frequency (times 1024): 1654
[    0.168802] smpboot: CPU0: Intel(R) Core(TM) i7-9750H CPU @ 2.60GHz (family: 0x6, model: 0x9e, stepping: 0xa)
[    0.168802] Performance Events: PEBS fmt3+, Skylake events, 32-deep LBR, full-width counters, Intel PMU driver.
[    0.168802] ... version:                4
[    0.168802] ... bit width:              48
[    0.168802] ... generic registers:      4
[    0.168802] ... value mask:             0000ffffffffffff
[    0.168802] ... max period:             00007fffffffffff
[    0.168802] ... fixed-purpose events:   3
[    0.168802] ... event mask:             000000070000000f
[    0.168802] rcu: Hierarchical SRCU implementation.
[    0.168802] NMI watchdog: Enabled. Permanently consumes one hw-PMU counter.
[    0.168802] smp: Bringing up secondary CPUs ...
[    0.168802] x86: Booting SMP configuration:
[    0.168802] .... node  #0, CPUs:        #1  #2  #3  #4  #5  #6
[    0.171899] MDS CPU bug present and SMT on, data leak possible. See https://www.kernel.org/doc/html/latest/admin-guide/hw-vuln/mds.html for more details.
[    0.171899]   #7  #8  #9 #10 #11
[    0.174265] smp: Brought up 1 node, 12 CPUs
[    0.174265] smpboot: Max logical packages: 1
[    0.174265] smpboot: Total of 12 processors activated (62399.80 BogoMIPS)
[    0.175663] devtmpfs: initialized
[    0.175663] x86/mm: Memory block size: 128MB
[    0.176990] ACPI: PM: Registering ACPI NVS region [mem 0x55ab4000-0x55ab4fff] (4096 bytes)
[    0.176990] ACPI: PM: Registering ACPI NVS region [mem 0x6d07b000-0x6d9effff] (9916416 bytes)
[    0.176990] clocksource: jiffies: mask: 0xffffffff max_cycles: 0xffffffff, max_idle_ns: 1911260446275000 ns
[    0.176990] futex hash table entries: 4096 (order: 6, 262144 bytes, linear)
[    0.177002] pinctrl core: initialized pinctrl subsystem
[    0.177380] PM: RTC time: 16:10:54, date: 2022-01-12
[    0.177467] NET: Registered PF_NETLINK/PF_ROUTE protocol family
[    0.177549] DMA: preallocated 4096 KiB GFP_KERNEL pool for atomic allocations
[    0.177555] DMA: preallocated 4096 KiB GFP_KERNEL|GFP_DMA pool for atomic allocations
[    0.177559] DMA: preallocated 4096 KiB GFP_KERNEL|GFP_DMA32 pool for atomic allocations
[    0.177565] audit: initializing netlink subsys (disabled)
[    0.177809] audit: type=2000 audit(1642003854.010:1): state=initialized audit_enabled=0 res=1
[    0.177865] thermal_sys: Registered thermal governor 'fair_share'
[    0.177865] thermal_sys: Registered thermal governor 'bang_bang'
[    0.177866] thermal_sys: Registered thermal governor 'step_wise'
[    0.177866] thermal_sys: Registered thermal governor 'user_space'
[    0.177873] cpuidle: using governor menu
[    0.177905] Simple Boot Flag at 0x47 set to 0x80
[    0.177905] ACPI: bus type PCI registered
[    0.177905] acpiphp: ACPI Hot Plug PCI Controller Driver version: 0.5
[    0.177953] PCI: MMCONFIG for domain 0000 [bus 00-7f] at [mem 0xf0000000-0xf7ffffff] (base 0xf0000000)
[    0.177956] PCI: MMCONFIG at [mem 0xf0000000-0xf7ffffff] reserved in E820
[    0.177964] PCI: Using configuration type 1 for base access
[    0.178354] ENERGY_PERF_BIAS: Set to 'normal', was 'performance'
[    0.179409] Kprobes globally optimized
[    0.179413] HugeTLB registered 1.00 GiB page size, pre-allocated 0 pages
[    0.179413] HugeTLB registered 2.00 MiB page size, pre-allocated 0 pages
[    0.277964] cryptd: max_cpu_qlen set to 1000
[    0.278963] alg: No test for 842 (842-generic)
[    0.278963] alg: No test for 842 (842-scomp)
[    0.280990] raid6: skip pq benchmark and using algorithm avx2x4
[    0.280990] raid6: using avx2x2 recovery algorithm
[    0.280990] ACPI: Added _OSI(Module Device)
[    0.280990] ACPI: Added _OSI(Processor Device)
[    0.280990] ACPI: Added _OSI(3.0 _SCP Extensions)
[    0.280990] ACPI: Added _OSI(Processor Aggregator Device)
[    0.280990] ACPI: Added _OSI(Linux-Dell-Video)
[    0.280990] ACPI: Added _OSI(Linux-Lenovo-NV-HDMI-Audio)
[    0.280990] ACPI: Added _OSI(Linux-HPI-Hybrid-Graphics)
[    0.316139] ACPI: 12 ACPI AML tables successfully acquired and loaded
[    0.372207] ACPI: [Firmware Bug]: BIOS _OSI(Linux) query ignored
[    0.384114] ACPI: Dynamic OEM Table Load:
[    0.384120] ACPI: SSDT 0xFFFF9C75C020D400 0000F4 (v02 PmRef  Cpu0Psd  00003000 INTL 20160527)
[    0.385153] ACPI: \_SB_.PR00: _OSC native thermal LVT Acked
[    0.386116] ACPI: Dynamic OEM Table Load:
[    0.386122] ACPI: SSDT 0xFFFF9C75C174A800 000400 (v02 PmRef  Cpu0Cst  00003001 INTL 20160527)
[    0.387228] ACPI: Dynamic OEM Table Load:
[    0.387233] ACPI: SSDT 0xFFFF9C75C175D000 000581 (v02 PmRef  Cpu0Ist  00003000 INTL 20160527)
[    0.388277] ACPI: Dynamic OEM Table Load:
[    0.388281] ACPI: SSDT 0xFFFF9C75C02C7400 000149 (v02 PmRef  Cpu0Hwp  00003000 INTL 20160527)
[    0.389191] ACPI: Dynamic OEM Table Load:
[    0.389197] ACPI: SSDT 0xFFFF9C75C1759800 000724 (v02 PmRef  HwpLvt   00003000 INTL 20160527)
[    0.390325] ACPI: Dynamic OEM Table Load:
[    0.390330] ACPI: SSDT 0xFFFF9C75C175F800 0005FC (v02 PmRef  ApIst    00003000 INTL 20160527)
[    0.391359] ACPI: Dynamic OEM Table Load:
[    0.391364] ACPI: SSDT 0xFFFF9C75C174A400 000317 (v02 PmRef  ApHwp    00003000 INTL 20160527)
[    0.392358] ACPI: Dynamic OEM Table Load:
[    0.392362] ACPI: SSDT 0xFFFF9C75C0138000 000AB0 (v02 PmRef  ApPsd    00003000 INTL 20160527)
[    0.393646] ACPI: Dynamic OEM Table Load:
[    0.393650] ACPI: SSDT 0xFFFF9C75C174BC00 00030A (v02 PmRef  ApCst    00003000 INTL 20160527)
[    0.397626] ACPI: EC: EC started
[    0.397627] ACPI: EC: interrupt blocked
[    0.401557] ACPI: EC: EC_CMD/EC_SC=0x934, EC_DATA=0x930
[    0.401560] ACPI: \_SB_.PCI0.LPCB.ECDV: Boot DSDT EC used to handle transactions
[    0.401562] ACPI: Interpreter enabled
[    0.401602] ACPI: PM: (supports S0 S3 S4 S5)
[    0.401603] ACPI: Using IOAPIC for interrupt routing
[    0.401634] PCI: Using host bridge windows from ACPI; if necessary, use "pci=nocrs" and report a bug
[    0.402071] ACPI: Enabled 10 GPEs in block 00 to 7F
[    0.403610] ACPI: PM: Power Resource [PG00]
[    0.405361] ACPI: PM: Power Resource [WRST]
[    0.405374] ACPI: PM: Power Resource [DRST]
[    0.408782] ACPI: PM: Power Resource [PXP]
[    0.412351] ACPI: PM: Power Resource [USBC]
[    0.414391] ACPI: PM: Power Resource [V0PR]
[    0.414488] ACPI: PM: Power Resource [V1PR]
[    0.414580] ACPI: PM: Power Resource [V2PR]
[    0.418206] ACPI: PM: Power Resource [WRST]
[    0.424030] ACPI: PM: Power Resource [PIN]
[    0.424290] ACPI: PCI Root Bridge [PCI0] (domain 0000 [bus 00-7e])
[    0.424295] acpi PNP0A08:00: _OSC: OS supports [ExtendedConfig ASPM ClockPM Segments MSI EDR HPX-Type3]
[    0.425842] acpi PNP0A08:00: _OSC: platform does not support [AER]
[    0.428802] acpi PNP0A08:00: _OSC: OS now controls [PCIeHotplug SHPCHotplug PME PCIeCapability LTR DPC]
[    0.428802] PCI host bridge to bus 0000:00
[    0.428802] pci_bus 0000:00: root bus resource [io  0x0000-0x0cf7 window]
[    0.428802] pci_bus 0000:00: root bus resource [io  0x0d00-0xffff window]
[    0.428802] pci_bus 0000:00: root bus resource [mem 0x000a0000-0x000bffff window]
[    0.428802] pci_bus 0000:00: root bus resource [mem 0x000c0000-0x000c3fff window]
[    0.428802] pci_bus 0000:00: root bus resource [mem 0x000c4000-0x000c7fff window]
[    0.428802] pci_bus 0000:00: root bus resource [mem 0x000c8000-0x000cbfff window]
[    0.428802] pci_bus 0000:00: root bus resource [mem 0x000cc000-0x000cffff window]
[    0.428802] pci_bus 0000:00: root bus resource [mem 0x000d0000-0x000d3fff window]
[    0.428802] pci_bus 0000:00: root bus resource [mem 0x000d4000-0x000d7fff window]
[    0.428802] pci_bus 0000:00: root bus resource [mem 0x000d8000-0x000dbfff window]
[    0.428802] pci_bus 0000:00: root bus resource [mem 0x000dc000-0x000dffff window]
[    0.428802] pci_bus 0000:00: root bus resource [mem 0x7f800000-0xefffffff window]
[    0.428802] pci_bus 0000:00: root bus resource [mem 0xfc800000-0xfe7fffff window]
[    0.428802] pci_bus 0000:00: root bus resource [bus 00-7e]
[    0.428802] pci 0000:00:00.0: [8086:3ec4] type 00 class 0x060000
[    0.428802] pci 0000:00:01.0: [8086:1901] type 01 class 0x060400
[    0.428802] pci 0000:00:01.0: PME# supported from D0 D3hot D3cold
[    0.430037] pci 0000:00:02.0: [8086:3e9b] type 00 class 0x030000
[    0.430043] pci 0000:00:02.0: reg 0x10: [mem 0xeb000000-0xebffffff 64bit]
[    0.430047] pci 0000:00:02.0: reg 0x18: [mem 0x80000000-0x8fffffff 64bit pref]
[    0.430050] pci 0000:00:02.0: reg 0x20: [io  0x4000-0x403f]
[    0.430060] pci 0000:00:02.0: BAR 2: assigned to efifb
[    0.430181] pci 0000:00:04.0: [8086:1903] type 00 class 0x118000
[    0.430187] pci 0000:00:04.0: reg 0x10: [mem 0xed510000-0xed517fff 64bit]
[    0.430408] pci 0000:00:08.0: [8086:1911] type 00 class 0x088000
[    0.430415] pci 0000:00:08.0: reg 0x10: [mem 0xed528000-0xed528fff 64bit]
[    0.430598] pci 0000:00:12.0: [8086:a379] type 00 class 0x118000
[    0.430631] pci 0000:00:12.0: reg 0x10: [mem 0xed527000-0xed527fff 64bit]
[    0.430802] pci 0000:00:14.0: [8086:a36d] type 00 class 0x0c0330
[    0.430802] pci 0000:00:14.0: reg 0x10: [mem 0xed500000-0xed50ffff 64bit]
[    0.430802] pci 0000:00:14.0: PME# supported from D3hot D3cold
[    0.430802] pci 0000:00:14.2: [8086:a36f] type 00 class 0x050000
[    0.430802] pci 0000:00:14.2: reg 0x10: [mem 0xed51e000-0xed51ffff 64bit]
[    0.430802] pci 0000:00:14.2: reg 0x18: [mem 0xed526000-0xed526fff 64bit]
[    0.431954] pci 0000:00:15.0: [8086:a368] type 00 class 0x0c8000
[    0.432493] pci 0000:00:15.0: reg 0x10: [mem 0x00000000-0x00000fff 64bit]
[    0.434297] pci 0000:00:15.1: [8086:a369] type 00 class 0x0c8000
[    0.435840] pci 0000:00:15.1: reg 0x10: [mem 0x00000000-0x00000fff 64bit]
[    0.437316] pci 0000:00:16.0: [8086:a360] type 00 class 0x078000
[    0.437345] pci 0000:00:16.0: reg 0x10: [mem 0xed523000-0xed523fff 64bit]
[    0.437457] pci 0000:00:16.0: PME# supported from D3hot
[    0.437801] pci 0000:00:17.0: [8086:a353] type 00 class 0x010601
[    0.438843] pci 0000:00:17.0: reg 0x10: [mem 0xed51c000-0xed51dfff]
[    0.438869] pci 0000:00:17.0: reg 0x14: [mem 0xed522000-0xed5220ff]
[    0.438892] pci 0000:00:17.0: reg 0x18: [io  0x4090-0x4097]
[    0.438914] pci 0000:00:17.0: reg 0x1c: [io  0x4080-0x4083]
[    0.438937] pci 0000:00:17.0: reg 0x20: [io  0x4060-0x407f]
[    0.438962] pci 0000:00:17.0: reg 0x24: [mem 0xed521000-0xed5217ff]
[    0.439098] pci 0000:00:17.0: PME# supported from D3hot
[    0.439414] pci 0000:00:1b.0: [8086:a340] type 01 class 0x060400
[    0.439618] pci 0000:00:1b.0: PME# supported from D0 D3hot D3cold
[    0.439661] pci 0000:00:1b.0: PTM enabled (root), 4ns granularity
[    0.440232] pci 0000:00:1c.0: [8086:a338] type 01 class 0x060400
[    0.440411] pci 0000:00:1c.0: PME# supported from D0 D3hot D3cold
[    0.440452] pci 0000:00:1c.0: PTM enabled (root), 4ns granularity
[    0.440987] pci 0000:00:1c.4: [8086:a33c] type 01 class 0x060400
[    0.441163] pci 0000:00:1c.4: PME# supported from D0 D3hot D3cold
[    0.441200] pci 0000:00:1c.4: PTM enabled (root), 4ns granularity
[    0.441731] pci 0000:00:1d.0: [8086:a330] type 01 class 0x060400
[    0.441910] pci 0000:00:1d.0: PME# supported from D0 D3hot D3cold
[    0.441950] pci 0000:00:1d.0: PTM enabled (root), 4ns granularity
[    0.442523] pci 0000:00:1f.0: [8086:a30e] type 00 class 0x060100
[    0.442886] pci 0000:00:1f.3: [8086:a348] type 00 class 0x040380
[    0.442944] pci 0000:00:1f.3: reg 0x10: [mem 0xed518000-0xed51bfff 64bit]
[    0.443018] pci 0000:00:1f.3: reg 0x20: [mem 0xed100000-0xed1fffff 64bit]
[    0.443164] pci 0000:00:1f.3: PME# supported from D3hot D3cold
[    0.443676] pci 0000:00:1f.4: [8086:a323] type 00 class 0x0c0500
[    0.443812] pci 0000:00:1f.4: reg 0x10: [mem 0xed520000-0xed5200ff 64bit]
[    0.443978] pci 0000:00:1f.4: reg 0x20: [io  0xefa0-0xefbf]
[    0.444350] pci 0000:00:1f.5: [8086:a324] type 00 class 0x0c8000
[    0.444374] pci 0000:00:1f.5: reg 0x10: [mem 0xfe010000-0xfe010fff]
[    0.444571] pci 0000:01:00.0: [10de:1fb9] type 00 class 0x030200
[    0.444589] pci 0000:01:00.0: reg 0x10: [mem 0xec000000-0xecffffff]
[    0.444603] pci 0000:01:00.0: reg 0x14: [mem 0xc0000000-0xcfffffff 64bit pref]
[    0.444617] pci 0000:01:00.0: reg 0x1c: [mem 0xd0000000-0xd1ffffff 64bit pref]
[    0.444625] pci 0000:01:00.0: reg 0x24: [io  0x3000-0x307f]
[    0.444633] pci 0000:01:00.0: reg 0x30: [mem 0xed000000-0xed07ffff pref]
[    0.444709] pci 0000:01:00.0: PME# supported from D0 D3hot
[    0.444941] pci 0000:00:01.0: PCI bridge to [bus 01]
[    0.444943] pci 0000:00:01.0:   bridge window [io  0x3000-0x3fff]
[    0.444945] pci 0000:00:01.0:   bridge window [mem 0xec000000-0xed0fffff]
[    0.444947] pci 0000:00:01.0:   bridge window [mem 0xc0000000-0xd1ffffff 64bit pref]
[    0.445112] pci 0000:02:00.0: [8086:15da] type 01 class 0x060400
[    0.445198] pci 0000:02:00.0: enabling Extended Tags
[    0.445343] pci 0000:02:00.0: supports D1 D2
[    0.445344] pci 0000:02:00.0: PME# supported from D0 D1 D2 D3hot D3cold
[    0.445551] pci 0000:00:1b.0: PCI bridge to [bus 02-3a]
[    0.445560] pci 0000:00:1b.0:   bridge window [mem 0xd4000000-0xea0fffff]
[    0.445568] pci 0000:00:1b.0:   bridge window [mem 0x90000000-0xb1ffffff 64bit pref]
[    0.445664] pci 0000:03:00.0: [8086:15da] type 01 class 0x060400
[    0.445751] pci 0000:03:00.0: enabling Extended Tags
[    0.445895] pci 0000:03:00.0: supports D1 D2
[    0.445896] pci 0000:03:00.0: PME# supported from D0 D1 D2 D3hot D3cold
[    0.446078] pci 0000:03:01.0: [8086:15da] type 01 class 0x060400
[    0.446166] pci 0000:03:01.0: enabling Extended Tags
[    0.446313] pci 0000:03:01.0: supports D1 D2
[    0.446314] pci 0000:03:01.0: PME# supported from D0 D1 D2 D3hot D3cold
[    0.446494] pci 0000:03:02.0: [8086:15da] type 01 class 0x060400
[    0.446581] pci 0000:03:02.0: enabling Extended Tags
[    0.446723] pci 0000:03:02.0: supports D1 D2
[    0.446723] pci 0000:03:02.0: PME# supported from D0 D1 D2 D3hot D3cold
[    0.446935] pci 0000:02:00.0: PCI bridge to [bus 03-3a]
[    0.446948] pci 0000:02:00.0:   bridge window [mem 0xd4000000-0xea0fffff]
[    0.446957] pci 0000:02:00.0:   bridge window [mem 0x90000000-0xb1ffffff 64bit pref]
[    0.447045] pci 0000:04:00.0: [8086:15d9] type 00 class 0x088000
[    0.447070] pci 0000:04:00.0: reg 0x10: [mem 0xea000000-0xea03ffff]
[    0.447085] pci 0000:04:00.0: reg 0x14: [mem 0xea040000-0xea040fff]
[    0.447164] pci 0000:04:00.0: enabling Extended Tags
[    0.447311] pci 0000:04:00.0: supports D1 D2
[    0.447312] pci 0000:04:00.0: PME# supported from D0 D1 D2 D3hot D3cold
[    0.447497] pci 0000:03:00.0: PCI bridge to [bus 04]
[    0.447509] pci 0000:03:00.0:   bridge window [mem 0xea000000-0xea0fffff]
[    0.447571] pci 0000:03:01.0: PCI bridge to [bus 05-39]
[    0.447583] pci 0000:03:01.0:   bridge window [mem 0xd4000000-0xe9efffff]
[    0.447591] pci 0000:03:01.0:   bridge window [mem 0x90000000-0xb1ffffff 64bit pref]
[    0.447688] pci 0000:3a:00.0: [8086:15db] type 00 class 0x0c0330
[    0.447715] pci 0000:3a:00.0: reg 0x10: [mem 0xe9f00000-0xe9f0ffff]
[    0.447815] pci 0000:3a:00.0: enabling Extended Tags
[    0.447970] pci 0000:3a:00.0: supports D1 D2
[    0.447971] pci 0000:3a:00.0: PME# supported from D0 D1 D2 D3hot D3cold
[    0.448101] pci 0000:3a:00.0: 8.000 Gb/s available PCIe bandwidth, limited by 2.5 GT/s PCIe x4 link at 0000:03:02.0 (capable of 31.504 Gb/s with 8.0 GT/s PCIe x4 link)
[    0.448186] pci 0000:03:02.0: PCI bridge to [bus 3a]
[    0.448198] pci 0000:03:02.0:   bridge window [mem 0xe9f00000-0xe9ffffff]
[    0.448904] pci 0000:3b:00.0: [8086:2723] type 00 class 0x028000
[    0.449662] pci 0000:3b:00.0: reg 0x10: [mem 0xed400000-0xed403fff 64bit]
[    0.450955] pci 0000:3b:00.0: PME# supported from D0 D3hot D3cold
[    0.454319] pci 0000:00:1c.0: PCI bridge to [bus 3b]
[    0.454328] pci 0000:00:1c.0:   bridge window [mem 0xed400000-0xed4fffff]
[    0.454490] pci 0000:3c:00.0: [10ec:525a] type 00 class 0xff0000
[    0.454522] pci 0000:3c:00.0: reg 0x14: [mem 0xed300000-0xed300fff]
[    0.454685] pci 0000:3c:00.0: supports D1 D2
[    0.454685] pci 0000:3c:00.0: PME# supported from D1 D2 D3hot D3cold
[    0.454802] pci 0000:00:1c.4: PCI bridge to [bus 3c]
[    0.454802] pci 0000:00:1c.4:   bridge window [mem 0xed300000-0xed3fffff]
[    0.454802] pci 0000:3d:00.0: [1179:0116] type 00 class 0x010802
[    0.454802] pci 0000:3d:00.0: reg 0x10: [mem 0xed200000-0xed203fff 64bit]
[    0.454802] pci 0000:00:1d.0: PCI bridge to [bus 3d]
[    0.454802] pci 0000:00:1d.0:   bridge window [mem 0xed200000-0xed2fffff]
[    0.456647] ACPI: PCI: Interrupt link LNKA configured for IRQ 0
[    0.456702] ACPI: PCI: Interrupt link LNKB configured for IRQ 1
[    0.456756] ACPI: PCI: Interrupt link LNKC configured for IRQ 0
[    0.457811] ACPI: PCI: Interrupt link LNKD configured for IRQ 0
[    0.457865] ACPI: PCI: Interrupt link LNKE configured for IRQ 0
[    0.457918] ACPI: PCI: Interrupt link LNKF configured for IRQ 0
[    0.457971] ACPI: PCI: Interrupt link LNKG configured for IRQ 0
[    0.458024] ACPI: PCI: Interrupt link LNKH configured for IRQ 0
[    0.466615] ACPI: EC: interrupt unblocked
[    0.466616] ACPI: EC: event unblocked
[    0.466803] ACPI: EC: EC_CMD/EC_SC=0x934, EC_DATA=0x930
[    0.466803] ACPI: EC: GPE=0x6e
[    0.466803] ACPI: \_SB_.PCI0.LPCB.ECDV: Boot DSDT EC initialization complete
[    0.466803] ACPI: \_SB_.PCI0.LPCB.ECDV: EC: Used to handle transactions and events
[    0.466813] iommu: Default domain type: Translated 
[    0.466825] pci 0000:00:02.0: vgaarb: setting as boot VGA device
[    0.466825] pci 0000:00:02.0: vgaarb: VGA device added: decodes=io+mem,owns=io+mem,locks=none
[    0.466825] pci 0000:00:02.0: vgaarb: bridge control possible
[    0.466825] vgaarb: loaded
[    0.466865] SCSI subsystem initialized
[    0.467815] libata version 3.00 loaded.
[    0.467827] ACPI: bus type USB registered
[    0.467837] usbcore: registered new interface driver usbfs
[    0.467841] usbcore: registered new interface driver hub
[    0.467845] usbcore: registered new device driver usb
[    0.467862] pps_core: LinuxPPS API ver. 1 registered
[    0.467862] pps_core: Software ver. 5.3.6 - Copyright 2005-2007 Rodolfo Giometti <giometti@linux.it>
[    0.467863] PTP clock support registered
[    0.467871] EDAC MC: Ver: 3.0.0
[    0.468314] Registered efivars operations
[    0.468314] NetLabel: Initializing
[    0.468314] NetLabel:  domain hash size = 128
[    0.468314] NetLabel:  protocols = UNLABELED CIPSOv4 CALIPSO
[    0.468314] NetLabel:  unlabeled traffic allowed by default
[    0.468314] PCI: Using ACPI for IRQ routing
[    0.495677] PCI: pci_cache_line_size set to 64 bytes
[    0.496081] e820: reserve RAM buffer [mem 0x0009e000-0x0009ffff]
[    0.496083] e820: reserve RAM buffer [mem 0x4ffa9018-0x4fffffff]
[    0.496083] e820: reserve RAM buffer [mem 0x55ab4000-0x57ffffff]
[    0.496084] e820: reserve RAM buffer [mem 0x652a0000-0x67ffffff]
[    0.496085] e820: reserve RAM buffer [mem 0x678fb000-0x67ffffff]
[    0.496085] e820: reserve RAM buffer [mem 0x6a1e6000-0x6bffffff]
[    0.496086] e820: reserve RAM buffer [mem 0x78e00000-0x7bffffff]
[    0.496087] e820: reserve RAM buffer [mem 0x87c800000-0x87fffffff]
[    0.496886] clocksource: Switched to clocksource tsc-early
[    0.504141] VFS: Disk quotas dquot_6.6.0
[    0.504148] VFS: Dquot-cache hash table entries: 512 (order 0, 4096 bytes)
[    0.504198] pnp: PnP ACPI init
[    0.504248] system 00:00: [mem 0x40000000-0x403fffff] has been reserved
[    0.504369] system 00:01: [io  0x0680-0x069f] has been reserved
[    0.504370] system 00:01: [io  0x164e-0x164f] has been reserved
[    0.504463] system 00:03: [io  0x1854-0x1857] has been reserved
[    0.504657] system 00:06: [mem 0xfed10000-0xfed17fff] has been reserved
[    0.504659] system 00:06: [mem 0xfed18000-0xfed18fff] has been reserved
[    0.504661] system 00:06: [mem 0xfed19000-0xfed19fff] has been reserved
[    0.504662] system 00:06: [mem 0xf0000000-0xf7ffffff] has been reserved
[    0.504663] system 00:06: [mem 0xfed20000-0xfed3ffff] has been reserved
[    0.504664] system 00:06: [mem 0xfed90000-0xfed93fff] could not be reserved
[    0.504666] system 00:06: [mem 0xfed45000-0xfed8ffff] has been reserved
[    0.504667] system 00:06: [mem 0xfee00000-0xfeefffff] could not be reserved
[    0.504835] system 00:07: [io  0x1800-0x18fe] could not be reserved
[    0.504837] system 00:07: [mem 0xfd000000-0xfd69ffff] has been reserved
[    0.504839] system 00:07: [mem 0xfd6c0000-0xfd6cffff] has been reserved
[    0.504840] system 00:07: [mem 0xfd6f0000-0xfdffffff] has been reserved
[    0.504841] system 00:07: [mem 0xfe000000-0xfe01ffff] could not be reserved
[    0.504842] system 00:07: [mem 0xfe200000-0xfe7fffff] has been reserved
[    0.504843] system 00:07: [mem 0xff000000-0xffffffff] has been reserved
[    0.505058] system 00:08: [io  0x2000-0x20fe] has been reserved
[    0.512561] pnp: PnP ACPI: found 10 devices
[    0.517775] clocksource: acpi_pm: mask: 0xffffff max_cycles: 0xffffff, max_idle_ns: 2085701024 ns
[    0.517815] NET: Registered PF_INET protocol family
[    0.517915] IP idents hash table entries: 262144 (order: 9, 2097152 bytes, linear)
[    0.519121] tcp_listen_portaddr_hash hash table entries: 16384 (order: 6, 262144 bytes, linear)
[    0.519144] TCP established hash table entries: 262144 (order: 9, 2097152 bytes, linear)
[    0.519304] TCP bind hash table entries: 65536 (order: 8, 1048576 bytes, linear)
[    0.519369] TCP: Hash tables configured (established 262144 bind 65536)
[    0.519447] MPTCP token hash table entries: 32768 (order: 7, 786432 bytes, linear)
[    0.519495] UDP hash table entries: 16384 (order: 7, 524288 bytes, linear)
[    0.519541] UDP-Lite hash table entries: 16384 (order: 7, 524288 bytes, linear)
[    0.519603] NET: Registered PF_UNIX/PF_LOCAL protocol family
[    0.519607] NET: Registered PF_XDP protocol family
[    0.519611] pci 0000:03:01.0: bridge window [io  0x1000-0x0fff] to [bus 05-39] add_size 1000
[    0.519614] pci 0000:02:00.0: bridge window [io  0x1000-0x0fff] to [bus 03-3a] add_size 1000
[    0.519615] pci 0000:00:1b.0: bridge window [io  0x1000-0x0fff] to [bus 02-3a] add_size 2000
[    0.519632] pci 0000:00:15.0: BAR 0: assigned [mem 0x7f800000-0x7f800fff 64bit]
[    0.519904] pci 0000:00:15.1: BAR 0: assigned [mem 0x7f801000-0x7f801fff 64bit]
[    0.520170] pci 0000:00:1b.0: BAR 13: assigned [io  0x5000-0x6fff]
[    0.520172] pci 0000:00:01.0: PCI bridge to [bus 01]
[    0.520173] pci 0000:00:01.0:   bridge window [io  0x3000-0x3fff]
[    0.520175] pci 0000:00:01.0:   bridge window [mem 0xec000000-0xed0fffff]
[    0.520177] pci 0000:00:01.0:   bridge window [mem 0xc0000000-0xd1ffffff 64bit pref]
[    0.520183] pci 0000:02:00.0: BAR 13: assigned [io  0x5000-0x5fff]
[    0.520184] pci 0000:03:01.0: BAR 13: assigned [io  0x5000-0x5fff]
[    0.520185] pci 0000:03:00.0: PCI bridge to [bus 04]
[    0.520197] pci 0000:03:00.0:   bridge window [mem 0xea000000-0xea0fffff]
[    0.520209] pci 0000:03:01.0: PCI bridge to [bus 05-39]
[    0.520212] pci 0000:03:01.0:   bridge window [io  0x5000-0x5fff]
[    0.520218] pci 0000:03:01.0:   bridge window [mem 0xd4000000-0xe9efffff]
[    0.520223] pci 0000:03:01.0:   bridge window [mem 0x90000000-0xb1ffffff 64bit pref]
[    0.520231] pci 0000:03:02.0: PCI bridge to [bus 3a]
[    0.520238] pci 0000:03:02.0:   bridge window [mem 0xe9f00000-0xe9ffffff]
[    0.520250] pci 0000:02:00.0: PCI bridge to [bus 03-3a]
[    0.520252] pci 0000:02:00.0:   bridge window [io  0x5000-0x5fff]
[    0.520259] pci 0000:02:00.0:   bridge window [mem 0xd4000000-0xea0fffff]
[    0.520263] pci 0000:02:00.0:   bridge window [mem 0x90000000-0xb1ffffff 64bit pref]
[    0.520272] pci 0000:00:1b.0: PCI bridge to [bus 02-3a]
[    0.520274] pci 0000:00:1b.0:   bridge window [io  0x5000-0x6fff]
[    0.520280] pci 0000:00:1b.0:   bridge window [mem 0xd4000000-0xea0fffff]
[    0.520285] pci 0000:00:1b.0:   bridge window [mem 0x90000000-0xb1ffffff 64bit pref]
[    0.520293] pci 0000:00:1c.0: PCI bridge to [bus 3b]
[    0.520301] pci 0000:00:1c.0:   bridge window [mem 0xed400000-0xed4fffff]
[    0.520314] pci 0000:00:1c.4: PCI bridge to [bus 3c]
[    0.520321] pci 0000:00:1c.4:   bridge window [mem 0xed300000-0xed3fffff]
[    0.520333] pci 0000:00:1d.0: PCI bridge to [bus 3d]
[    0.520339] pci 0000:00:1d.0:   bridge window [mem 0xed200000-0xed2fffff]
[    0.520352] pci_bus 0000:00: resource 4 [io  0x0000-0x0cf7 window]
[    0.520353] pci_bus 0000:00: resource 5 [io  0x0d00-0xffff window]
[    0.520353] pci_bus 0000:00: resource 6 [mem 0x000a0000-0x000bffff window]
[    0.520354] pci_bus 0000:00: resource 7 [mem 0x000c0000-0x000c3fff window]
[    0.520355] pci_bus 0000:00: resource 8 [mem 0x000c4000-0x000c7fff window]
[    0.520356] pci_bus 0000:00: resource 9 [mem 0x000c8000-0x000cbfff window]
[    0.520356] pci_bus 0000:00: resource 10 [mem 0x000cc000-0x000cffff window]
[    0.520357] pci_bus 0000:00: resource 11 [mem 0x000d0000-0x000d3fff window]
[    0.520358] pci_bus 0000:00: resource 12 [mem 0x000d4000-0x000d7fff window]
[    0.520359] pci_bus 0000:00: resource 13 [mem 0x000d8000-0x000dbfff window]
[    0.520359] pci_bus 0000:00: resource 14 [mem 0x000dc000-0x000dffff window]
[    0.520360] pci_bus 0000:00: resource 15 [mem 0x7f800000-0xefffffff window]
[    0.520361] pci_bus 0000:00: resource 16 [mem 0xfc800000-0xfe7fffff window]
[    0.520362] pci_bus 0000:01: resource 0 [io  0x3000-0x3fff]
[    0.520362] pci_bus 0000:01: resource 1 [mem 0xec000000-0xed0fffff]
[    0.520363] pci_bus 0000:01: resource 2 [mem 0xc0000000-0xd1ffffff 64bit pref]
[    0.520364] pci_bus 0000:02: resource 0 [io  0x5000-0x6fff]
[    0.520365] pci_bus 0000:02: resource 1 [mem 0xd4000000-0xea0fffff]
[    0.520365] pci_bus 0000:02: resource 2 [mem 0x90000000-0xb1ffffff 64bit pref]
[    0.520366] pci_bus 0000:03: resource 0 [io  0x5000-0x5fff]
[    0.520367] pci_bus 0000:03: resource 1 [mem 0xd4000000-0xea0fffff]
[    0.520367] pci_bus 0000:03: resource 2 [mem 0x90000000-0xb1ffffff 64bit pref]
[    0.520368] pci_bus 0000:04: resource 1 [mem 0xea000000-0xea0fffff]
[    0.520369] pci_bus 0000:05: resource 0 [io  0x5000-0x5fff]
[    0.520370] pci_bus 0000:05: resource 1 [mem 0xd4000000-0xe9efffff]
[    0.520370] pci_bus 0000:05: resource 2 [mem 0x90000000-0xb1ffffff 64bit pref]
[    0.520371] pci_bus 0000:3a: resource 1 [mem 0xe9f00000-0xe9ffffff]
[    0.520372] pci_bus 0000:3b: resource 1 [mem 0xed400000-0xed4fffff]
[    0.520373] pci_bus 0000:3c: resource 1 [mem 0xed300000-0xed3fffff]
[    0.520374] pci_bus 0000:3d: resource 1 [mem 0xed200000-0xed2fffff]
[    0.520455] pci 0000:00:02.0: Video device with shadowed ROM at [mem 0x000c0000-0x000dffff]
[    0.520795] pci 0000:02:00.0: CLS mismatch (64 != 128), using 64 bytes
[    0.520889] pci 0000:02:00.0: enabling device (0006 -> 0007)
[    0.521098] PCI-DMA: Using software bounce buffering for IO (SWIOTLB)
[    0.521099] software IO TLB: mapped [mem 0x00000000612a0000-0x00000000652a0000] (64MB)
[    0.521107] Trying to unpack rootfs image as initramfs...
[    0.521150] sgx: EPC section 0x70200000-0x75f7ffff
[    0.522476] Initialise system trusted keyrings
[    0.522490] Key type blacklist registered
[    0.522514] workingset: timestamp_bits=36 max_order=23 bucket_order=0
[    0.523583] zbud: loaded
[    0.524000] integrity: Platform Keyring initialized
[    0.529610] NET: Registered PF_ALG protocol family
[    0.529611] xor: automatically using best checksumming function   avx       
[    0.529612] Key type asymmetric registered
[    0.529613] Asymmetric key parser 'x509' registered
[    0.529616] Block layer SCSI generic (bsg) driver version 0.4 loaded (major 245)
[    0.529639] io scheduler mq-deadline registered
[    0.529639] io scheduler kyber registered
[    0.529657] io scheduler bfq registered
[    0.529991] atomic64_test: passed for x86-64 platform with CX8 and with SSE
[    0.530165] pcieport 0000:00:01.0: PME: Signaling with IRQ 122
[    0.530274] pcieport 0000:00:1b.0: PME: Signaling with IRQ 123
[    0.530301] pcieport 0000:00:1b.0: pciehp: Slot #20 AttnBtn- PwrCtrl- MRL- AttnInd- PwrInd- HotPlug+ Surprise+ Interlock- NoCompl+ IbPresDis- LLActRep+
[    0.530558] pcieport 0000:00:1c.0: PME: Signaling with IRQ 124
[    0.530791] pcieport 0000:00:1c.4: PME: Signaling with IRQ 125
[    0.531039] pcieport 0000:00:1d.0: PME: Signaling with IRQ 126
[    0.531515] pcieport 0000:03:01.0: enabling device (0006 -> 0007)
[    0.531630] pcieport 0000:03:01.0: pciehp: Slot #1 AttnBtn- PwrCtrl- MRL- AttnInd- PwrInd- HotPlug+ Surprise+ Interlock- NoCompl+ IbPresDis- LLActRep+
[    0.532023] shpchp: Standard Hot Plug PCI Controller Driver version: 0.4
[    0.532036] efifb: probing for efifb
[    0.532047] efifb: showing boot graphics
[    0.533852] efifb: framebuffer at 0x80000000, using 32400k, total 32400k
[    0.533853] efifb: mode is 3840x2160x32, linelength=15360, pages=1
[    0.533854] efifb: scrolling: redraw
[    0.533855] efifb: Truecolor: size=8:8:8:8, shift=24:16:8:0
[    0.533878] fbcon: Deferring console take-over
[    0.533879] fb0: EFI VGA frame buffer device
[    0.535592] ACPI: AC: AC Adapter [AC] (on-line)
[    0.535630] input: Lid Switch as /devices/LNXSYSTM:00/LNXSYBUS:00/PNP0C0D:00/input/input0
[    0.535650] ACPI: button: Lid Switch [LID0]
[    0.535668] input: Power Button as /devices/LNXSYSTM:00/LNXSYBUS:00/PNP0C0C:00/input/input1
[    0.535680] ACPI: button: Power Button [PBTN]
[    0.535694] input: Sleep Button as /devices/LNXSYSTM:00/LNXSYBUS:00/PNP0C0E:00/input/input2
[    0.535704] ACPI: button: Sleep Button [SBTN]
[    0.535787] smpboot: Estimated ratio of average max frequency by base frequency (times 1024): 1654
[    0.538260] thermal LNXTHERM:00: registered as thermal_zone0
[    0.538274] ACPI: thermal: Thermal Zone [THM] (25 C)
[    0.538523] Serial: 8250/16550 driver, 32 ports, IRQ sharing enabled
[    0.539791] hpet_acpi_add: no address or irqs in _CRS
[    0.539842] Non-volatile memory driver v1.3
[    0.539853] Linux agpgart interface v0.103
[    0.567196] tpm_tis MSFT0101:00: 2.0 TPM (device-id 0xFC, rev-id 1)
[    0.590685] ACPI: battery: Slot [BAT0] (battery present)
[    0.592315] intel-lpss 0000:00:15.0: enabling device (0000 -> 0002)
[    0.602449] intel-lpss 0000:00:15.1: enabling device (0000 -> 0002)
[    0.612532] ahci 0000:00:17.0: version 3.0
[    0.612758] ahci 0000:00:17.0: AHCI 0001.0301 32 slots 1 ports 6 Gbps 0x4 impl SATA mode
[    0.612760] ahci 0000:00:17.0: flags: 64bit ncq sntf pm clo only pio slum part ems deso sadm sds apst 
[    0.613201] scsi host0: ahci
[    0.613481] scsi host1: ahci
[    0.613625] scsi host2: ahci
[    0.613655] ata1: DUMMY
[    0.613656] ata2: DUMMY
[    0.613663] ata3: SATA max UDMA/133 abar m2048@0xed521000 port 0xed521200 irq 130
[    0.613818] libphy: Fixed MDIO Bus: probed
[    0.613925] ehci_hcd: USB 2.0 'Enhanced' Host Controller (EHCI) Driver
[    0.613927] ehci-pci: EHCI PCI platform driver
[    0.613933] ohci_hcd: USB 1.1 'Open' Host Controller (OHCI) Driver
[    0.613935] ohci-pci: OHCI PCI platform driver
[    0.613939] uhci_hcd: USB Universal Host Controller Interface driver
[    0.614079] xhci_hcd 0000:00:14.0: xHCI Host Controller
[    0.614124] xhci_hcd 0000:00:14.0: new USB bus registered, assigned bus number 1
[    0.615227] xhci_hcd 0000:00:14.0: hcc params 0x200077c1 hci version 0x110 quirks 0x0000000000009810
[    0.615423] xhci_hcd 0000:00:14.0: xHCI Host Controller
[    0.615465] xhci_hcd 0000:00:14.0: new USB bus registered, assigned bus number 2
[    0.615466] xhci_hcd 0000:00:14.0: Host supports USB 3.1 Enhanced SuperSpeed
[    0.615500] usb usb1: New USB device found, idVendor=1d6b, idProduct=0002, bcdDevice= 5.14
[    0.615501] usb usb1: New USB device strings: Mfr=3, Product=2, SerialNumber=1
[    0.615502] usb usb1: Product: xHCI Host Controller
[    0.615503] usb usb1: Manufacturer: Linux 5.14.15-200.fc34.x86_64 xhci-hcd
[    0.615504] usb usb1: SerialNumber: 0000:00:14.0
[    0.615572] hub 1-0:1.0: USB hub found
[    0.615588] hub 1-0:1.0: 16 ports detected
[    0.616352] usb usb2: New USB device found, idVendor=1d6b, idProduct=0003, bcdDevice= 5.14
[    0.616354] usb usb2: New USB device strings: Mfr=3, Product=2, SerialNumber=1
[    0.616354] usb usb2: Product: xHCI Host Controller
[    0.616355] usb usb2: Manufacturer: Linux 5.14.15-200.fc34.x86_64 xhci-hcd
[    0.616356] usb usb2: SerialNumber: 0000:00:14.0
[    0.616428] hub 2-0:1.0: USB hub found
[    0.616463] hub 2-0:1.0: 10 ports detected
[    0.616611] usb: port power management may be unreliable
[    0.617033] xhci_hcd 0000:3a:00.0: xHCI Host Controller
[    0.617082] xhci_hcd 0000:3a:00.0: new USB bus registered, assigned bus number 3
[    0.618269] xhci_hcd 0000:3a:00.0: hcc params 0x200077c1 hci version 0x110 quirks 0x0000000200009810
[    0.618607] xhci_hcd 0000:3a:00.0: xHCI Host Controller
[    0.618660] xhci_hcd 0000:3a:00.0: new USB bus registered, assigned bus number 4
[    0.618662] xhci_hcd 0000:3a:00.0: Host supports USB 3.1 Enhanced SuperSpeed
[    0.618683] usb usb3: New USB device found, idVendor=1d6b, idProduct=0002, bcdDevice= 5.14
[    0.618684] usb usb3: New USB device strings: Mfr=3, Product=2, SerialNumber=1
[    0.618685] usb usb3: Product: xHCI Host Controller
[    0.618686] usb usb3: Manufacturer: Linux 5.14.15-200.fc34.x86_64 xhci-hcd
[    0.618687] usb usb3: SerialNumber: 0000:3a:00.0
[    0.618736] hub 3-0:1.0: USB hub found
[    0.618747] hub 3-0:1.0: 2 ports detected
[    0.618967] usb usb4: New USB device found, idVendor=1d6b, idProduct=0003, bcdDevice= 5.14
[    0.618968] usb usb4: New USB device strings: Mfr=3, Product=2, SerialNumber=1
[    0.618969] usb usb4: Product: xHCI Host Controller
[    0.618970] usb usb4: Manufacturer: Linux 5.14.15-200.fc34.x86_64 xhci-hcd
[    0.618970] usb usb4: SerialNumber: 0000:3a:00.0
[    0.619049] hub 4-0:1.0: USB hub found
[    0.619060] hub 4-0:1.0: 2 ports detected
[    0.619210] usbcore: registered new interface driver usbserial_generic
[    0.619213] usbserial: USB Serial support registered for generic
[    0.619229] i8042: PNP: PS/2 Controller [PNP0303:PS2K,PNP0f13:PS2M] at 0x60,0x64 irq 1,12
[    0.619632] i8042: Warning: Keylock active
[    0.621492] serio: i8042 KBD port at 0x60,0x64 irq 1
[    0.621494] serio: i8042 AUX port at 0x60,0x64 irq 12
[    0.621584] mousedev: PS/2 mouse device common for all mice
[    0.621723] rtc_cmos 00:02: RTC can wake from S4
[    0.623398] rtc_cmos 00:02: registered as rtc0
[    0.623810] rtc_cmos 00:02: setting system clock to 2022-01-12T16:10:54 UTC (1642003854)
[    0.623865] rtc_cmos 00:02: alarms up to one month, y3k, 242 bytes nvram
[    0.624291] input: AT Translated Set 2 keyboard as /devices/platform/i8042/serio0/input/input3
[    0.624326] device-mapper: uevent: version 1.0.3
[    0.624404] device-mapper: ioctl: 4.45.0-ioctl (2021-03-22) initialised: dm-devel@redhat.com
[    0.624510] intel_pstate: Intel P-state driver initializing
[    0.625683] intel_pstate: Disabling energy efficiency optimization
[    0.625685] intel_pstate: HWP enabled
[    0.625909] hid: raw HID events driver (C) Jiri Kosina
[    0.625934] usbcore: registered new interface driver usbhid
[    0.625935] usbhid: USB HID core driver
[    0.625996] intel_pmc_core INT33A1:00:  initialized
[    0.626050] drop_monitor: Initializing network drop monitor service
[    0.626091] Initializing XFRM netlink socket
[    0.626160] NET: Registered PF_INET6 protocol family
[    0.857810] usb 1-1: new high-speed USB device number 2 using xhci_hcd
[    0.885105] Freeing initrd memory: 35432K
[    0.888003] Segment Routing with IPv6
[    0.888005] RPL Segment Routing with IPv6
[    0.888020] mip6: Mobile IPv6
[    0.888021] NET: Registered PF_PACKET protocol family
[    0.889030] microcode: sig=0x906ea, pf=0x20, revision=0xea
[    0.889286] microcode: Microcode Update Driver: v2.2.
[    0.889289] IPI shorthand broadcast: enabled
[    0.889293] AVX2 version of gcm_enc/dec engaged.
[    0.889611] AES CTR mode by8 optimization enabled
[    0.904947] sched_clock: Marking stable (892061607, 12878862)->(931569548, -26629079)
[    0.905342] registered taskstats version 1
[    0.905790] Loading compiled-in X.509 certificates
[    0.906384] Loaded X.509 cert 'Fedora kernel signing key: c03c77686a48ae679b166f93dbfc970b5b1fc289'
[    0.906455] zswap: loaded using pool lzo/zbud
[    0.906605] page_owner is disabled
[    0.906630] Key type ._fscrypt registered
[    0.906631] Key type .fscrypt registered
[    0.906631] Key type fscrypt-provisioning registered
[    0.906916] Btrfs loaded, crc32c=crc32c-generic, zoned=yes
[    0.906935] Key type big_key registered
[    0.909268] Key type encrypted registered
[    0.910928] integrity: Loading X.509 certificate: UEFI:db
[    0.910945] integrity: Loaded X.509 cert 'Dell Inc. UEFI DB: 5ddb772dc880660055ba0bc131886bb630a639e7'
[    0.910946] integrity: Loading X.509 certificate: UEFI:db
[    0.910960] integrity: Loaded X.509 cert 'Microsoft Corporation UEFI CA 2011: 13adbf4309bd82709c8cd54f316ed522988a1bd4'
[    0.910961] integrity: Loading X.509 certificate: UEFI:db
[    0.910972] integrity: Loaded X.509 cert 'Microsoft Windows Production PCA 2011: a92902398e16c49778cd90f99e4f9ae17c55af53'
[    0.913471] integrity: Loading X.509 certificate: UEFI:MokListRT (MOKvar table)
[    0.924891] ata3: SATA link down (SStatus 4 SControl 300)
[    0.932998] integrity: Loaded X.509 cert 'Fedora Secure Boot CA: fde32599c2d61db1bf5807335d7b20e4cd963b42'
[    0.933004] Loading compiled-in module X.509 certificates
[    0.933369] Loaded X.509 cert 'Fedora kernel signing key: c03c77686a48ae679b166f93dbfc970b5b1fc289'
[    0.933370] ima: Allocated hash algorithm: sha256
[    0.978009] ima: No architecture policies found
[    0.978026] evm: Initialising EVM extended attributes:
[    0.978027] evm: security.selinux
[    0.978028] evm: security.SMACK64 (disabled)
[    0.978029] evm: security.SMACK64EXEC (disabled)
[    0.978030] evm: security.SMACK64TRANSMUTE (disabled)
[    0.978031] evm: security.SMACK64MMAP (disabled)
[    0.978031] evm: security.apparmor (disabled)
[    0.978032] evm: security.ima
[    0.978033] evm: security.capability
[    0.978034] evm: HMAC attrs: 0x1
[    0.978506] PM:   Magic number: 6:184:186
[    0.978572] acpi device:45: hash matches
[    0.978689] RAS: Correctable Errors collector initialized.
[    0.985195] usb 1-1: New USB device found, idVendor=1366, idProduct=0105, bcdDevice= 1.00
[    0.985200] usb 1-1: New USB device strings: Mfr=1, Product=2, SerialNumber=3
[    0.985203] usb 1-1: Product: J-Link
[    0.985204] usb 1-1: Manufacturer: SEGGER
[    0.985206] usb 1-1: SerialNumber: 000483040654
[    1.439278] psmouse serio1: synaptics: queried max coordinates: x [..5664], y [..4646]
[    1.470158] psmouse serio1: synaptics: queried min coordinates: x [1278..], y [1206..]
[    1.470171] psmouse serio1: synaptics: Your touchpad (PNP: DLL0906 PNP0f13) says it can support a different bus. If i2c-hid and hid-rmi are not used, you might want to try setting psmouse.synaptics_intertouch to 1 and report this to linux-input@vger.kernel.org.
[    1.530789] psmouse serio1: synaptics: Touchpad model: 1, fw: 8.2, id: 0x1e2b1, caps: 0xf00123/0x840300/0x12e800/0x0, board id: 3125, fw id: 2378871
[    1.544117] tsc: Refined TSC clocksource calibration: 2592.004 MHz
[    1.544132] clocksource: tsc: mask: 0xffffffffffffffff max_cycles: 0x255cbae350f, max_idle_ns: 440795327587 ns
[    1.544225] clocksource: Switched to clocksource tsc
[    1.571054] input: SynPS/2 Synaptics TouchPad as /devices/platform/i8042/serio1/input/input5
[    6.284176] Freeing unused decrypted memory: 2036K
[    6.285113] Freeing unused kernel image (initmem) memory: 2872K
[    6.287020] Write protecting the kernel read-only data: 28672k
[    6.288146] Freeing unused kernel image (text/rodata gap) memory: 2036K
[    6.288455] Freeing unused kernel image (rodata/data gap) memory: 180K
[    6.325789] x86/mm: Checked W+X mappings: passed, no W+X pages found.
[    6.325792] rodata_test: all tests were successful
[    6.325792] x86/mm: Checking user space page tables
[    6.358601] x86/mm: Checked W+X mappings: passed, no W+X pages found.
[    6.358604] Run /init as init process
[    6.358605]   with arguments:
[    6.358605]     /init
[    6.358606]     rhgb
[    6.358606]   with environment:
[    6.358607]     HOME=/
[    6.358607]     TERM=linux
[    6.358607]     BOOT_IMAGE=(hd0,gpt7)/vmlinuz-5.14.15-200.fc34.x86_64
[    6.395008] usb 1-4: new full-speed USB device number 3 using xhci_hcd
[    6.503356] systemd[1]: systemd v248.9-1.fc34 running in system mode. (+PAM +AUDIT +SELINUX -APPARMOR +IMA +SMACK +SECCOMP +GCRYPT +GNUTLS +OPENSSL +ACL +BLKID +CURL +ELFUTILS +FIDO2 +IDN2 -IDN +IPTC +KMOD +LIBCRYPTSETUP +LIBFDISK +PCRE2 +PWQUALITY +P11KIT +QRENCODE +BZIP2 +LZ4 +XZ +ZLIB +ZSTD +XKBCOMMON +UTMP +SYSVINIT default-hierarchy=unified)
[    6.515034] systemd[1]: Detected architecture x86-64.
[    6.515036] systemd[1]: Running in initial RAM disk.
[    6.515067] systemd[1]: No hostname configured, using default hostname.
[    6.515117] systemd[1]: Hostname set to <fedora>.
[    6.522788] usb 1-4: New USB device found, idVendor=8087, idProduct=0029, bcdDevice= 0.01
[    6.522790] usb 1-4: New USB device strings: Mfr=0, Product=0, SerialNumber=0
[    6.563309] systemd[1]: Queued start job for default target Initrd Default Target.
[    6.563406] systemd[1]: Reached target Local File Systems.
[    6.563444] systemd[1]: Reached target Slice Units.
[    6.563465] systemd[1]: Reached target Swaps.
[    6.563475] systemd[1]: Reached target Timer Units.
[    6.563527] systemd[1]: Listening on D-Bus System Message Bus Socket.
[    6.563617] systemd[1]: Listening on Journal Audit Socket.
[    6.563681] systemd[1]: Listening on Journal Socket (/dev/log).
[    6.563744] systemd[1]: Listening on Journal Socket.
[    6.563818] systemd[1]: Listening on udev Control Socket.
[    6.563868] systemd[1]: Listening on udev Kernel Socket.
[    6.563878] systemd[1]: Reached target Socket Units.
[    6.564942] systemd[1]: Starting Create List of Static Device Nodes...
[    6.564986] systemd[1]: Condition check resulted in Memstrack Anylazing Service being skipped.
[    6.565923] systemd[1]: Starting Journal Service...
[    6.566436] systemd[1]: Starting Load Kernel Modules...
[    6.566480] systemd[1]: Condition check resulted in Create System Users being skipped.
[    6.566919] systemd[1]: Starting Setup Virtual Console...
[    6.567354] systemd[1]: Finished Create List of Static Device Nodes.
[    6.567801] systemd[1]: Starting Create Static Device Nodes in /dev...
[    6.571876] systemd[1]: Finished Create Static Device Nodes in /dev.
[    6.577590] fuse: init (API version 7.34)
[    6.578264] systemd[1]: Finished Load Kernel Modules.
[    6.578295] audit: type=1130 audit(1642003860.453:2): pid=1 uid=0 auid=4294967295 ses=4294967295 subj=kernel msg='unit=systemd-modules-load comm="systemd" exe="/usr/lib/systemd/systemd" hostname=? addr=? terminal=? res=success'
[    6.578751] systemd[1]: Starting Apply Kernel Variables...
[    6.582589] systemd[1]: Finished Apply Kernel Variables.
[    6.582616] audit: type=1130 audit(1642003860.457:3): pid=1 uid=0 auid=4294967295 ses=4294967295 subj=kernel msg='unit=systemd-sysctl comm="systemd" exe="/usr/lib/systemd/systemd" hostname=? addr=? terminal=? res=success'
[    6.602378] systemd[1]: Started Journal Service.
[    6.602419] audit: type=1130 audit(1642003860.477:4): pid=1 uid=0 auid=4294967295 ses=4294967295 subj=kernel msg='unit=systemd-journald comm="systemd" exe="/usr/lib/systemd/systemd" hostname=? addr=? terminal=? res=success'
[    6.605327] audit: type=1130 audit(1642003860.480:5): pid=1 uid=0 auid=4294967295 ses=4294967295 subj=kernel msg='unit=systemd-vconsole-setup comm="systemd" exe="/usr/lib/systemd/systemd" hostname=? addr=? terminal=? res=success'
[    6.608720] audit: type=1130 audit(1642003860.483:6): pid=1 uid=0 auid=4294967295 ses=4294967295 subj=kernel msg='unit=systemd-tmpfiles-setup comm="systemd" exe="/usr/lib/systemd/systemd" hostname=? addr=? terminal=? res=success'
[    6.637872] usb 1-12: new high-speed USB device number 4 using xhci_hcd
[    6.666815] audit: type=1130 audit(1642003860.541:7): pid=1 uid=0 auid=4294967295 ses=4294967295 subj=kernel msg='unit=dracut-cmdline comm="systemd" exe="/usr/lib/systemd/systemd" hostname=? addr=? terminal=? res=success'
[    6.687839] audit: type=1130 audit(1642003860.563:8): pid=1 uid=0 auid=4294967295 ses=4294967295 subj=kernel msg='unit=dracut-pre-udev comm="systemd" exe="/usr/lib/systemd/systemd" hostname=? addr=? terminal=? res=success'
[    6.688706] audit: type=1334 audit(1642003860.563:9): prog-id=6 op=LOAD
[    6.688779] audit: type=1334 audit(1642003860.563:10): prog-id=7 op=LOAD
[    6.688837] audit: type=1334 audit(1642003860.564:11): prog-id=8 op=LOAD
[    6.780630] usb 1-12: New USB device found, idVendor=0c45, idProduct=6723, bcdDevice=80.08
[    6.780634] usb 1-12: New USB device strings: Mfr=2, Product=1, SerialNumber=0
[    6.780635] usb 1-12: Product: Integrated_Webcam_HD
[    6.780636] usb 1-12: Manufacturer: CN09357G8LG0097DA8YEA01
[    6.817355] acpi PNP0C14:04: duplicate WMI GUID 05901221-D566-11D1-B2F0-00A0C9062910 (first instance was on PNP0C14:03)
[    6.817416] wmi_bus wmi_bus-PNP0C14:05: WQBC data block query control method not found
[    6.817418] acpi PNP0C14:05: duplicate WMI GUID 05901221-D566-11D1-B2F0-00A0C9062910 (first instance was on PNP0C14:03)
[    6.819367] acpi PNP0C14:06: duplicate WMI GUID 05901221-D566-11D1-B2F0-00A0C9062910 (first instance was on PNP0C14:03)
[    6.821763] acpi PNP0C14:07: duplicate WMI GUID 05901221-D566-11D1-B2F0-00A0C9062910 (first instance was on PNP0C14:03)
[    6.865349] rtsx_pci 0000:3c:00.0: enabling device (0000 -> 0002)
[    6.869768] nvme nvme0: pci function 0000:3d:00.0
[    6.876629] rtsx_pci 0000:3c:00.0: Unbalanced pm_runtime_enable!
[    6.878363] nvme nvme0: 8/0/0 default/read/poll queues
[    6.879783]  nvme0n1: p1 p2 p3 p4 p5 p6 p7
[    6.979313] input: SYNA2393:00 06CB:7A13 Mouse as /devices/pci0000:00/0000:00:15.1/i2c_designware.1/i2c-1/i2c-SYNA2393:00/0018:06CB:7A13.0001/input/input6
[    6.979475] input: SYNA2393:00 06CB:7A13 Touchpad as /devices/pci0000:00/0000:00:15.1/i2c_designware.1/i2c-1/i2c-SYNA2393:00/0018:06CB:7A13.0001/input/input7
[    6.979632] hid-generic 0018:06CB:7A13.0001: input,hidraw0: I2C HID v1.00 Mouse [SYNA2393:00 06CB:7A13] on i2c-SYNA2393:00
[    6.995555] input: WCOM490B:00 056A:490B Touchscreen as /devices/pci0000:00/0000:00:15.0/i2c_designware.0/i2c-0/i2c-WCOM490B:00/0018:056A:490B.0002/input/input9
[    7.046931] MXM: GUID detected in BIOS
[    7.047010] ACPI Warning: \_SB.PCI0.GFX0._DSM: Argument #4 type mismatch - Found [Buffer], ACPI requires [Package] (20210604/nsarguments-61)
[    7.047051] ACPI Warning: \_SB.PCI0.PEG0.PEGP._DSM: Argument #4 type mismatch - Found [Buffer], ACPI requires [Package] (20210604/nsarguments-61)
[    7.047922] pci 0000:01:00.0: optimus capabilities: enabled, status dynamic power, hda bios codec supported
[    7.047925] VGA switcheroo: detected Optimus DSM method \_SB_.PCI0.PEG0.PEGP handle
[    7.047925] nouveau: detected PR support, will not use DSM
[    7.047946] nouveau 0000:01:00.0: enabling device (0000 -> 0003)
[    7.048059] checking generic (80000000 1fa4000) vs hw (ec000000 1000000)
[    7.048060] checking generic (80000000 1fa4000) vs hw (c0000000 10000000)
[    7.048061] checking generic (80000000 1fa4000) vs hw (d0000000 2000000)
[    7.048121] nouveau 0000:01:00.0: NVIDIA TU117 (167000a1)
[    7.086455] checking generic (80000000 1fa4000) vs hw (eb000000 1000000)
[    7.086457] checking generic (80000000 1fa4000) vs hw (80000000 10000000)
[    7.086458] fb0: switching to inteldrmfb from EFI VGA
[    7.086527] i915 0000:00:02.0: vgaarb: deactivate vga console
[    7.087057] input: WCOM490B:00 056A:490B as /devices/pci0000:00/0000:00:15.0/i2c_designware.0/i2c-0/i2c-WCOM490B:00/0018:056A:490B.0002/input/input10
[    7.087174] input: WCOM490B:00 056A:490B as /devices/pci0000:00/0000:00:15.0/i2c_designware.0/i2c-0/i2c-WCOM490B:00/0018:056A:490B.0002/input/input11
[    7.092786] i915 0000:00:02.0: vgaarb: changed VGA decodes: olddecodes=io+mem,decodes=io+mem:owns=io+mem
[    7.097452] i915 0000:00:02.0: [drm] Finished loading DMC firmware i915/kbl_dmc_ver1_04.bin (v1.4)
[    7.118722] i915 0000:00:02.0: [drm] [ENCODER:102:DDI B/PHY B] is disabled/in DSI mode with an ungated DDI clock, gate it
[    7.126812] i915 0000:00:02.0: [drm] [ENCODER:113:DDI C/PHY C] is disabled/in DSI mode with an ungated DDI clock, gate it
[    7.134876] i915 0000:00:02.0: [drm] [ENCODER:120:DDI D/PHY D] is disabled/in DSI mode with an ungated DDI clock, gate it
[    7.226889] nouveau 0000:01:00.0: bios: version 90.17.1c.40.4c
[    7.231104] nouveau 0000:01:00.0: pmu: firmware unavailable
[    7.237452] nouveau 0000:01:00.0: fb: 4096 MiB GDDR5
[    7.238877] input: WCOM490B:00 056A:490B as /devices/pci0000:00/0000:00:15.0/i2c_designware.0/i2c-0/i2c-WCOM490B:00/0018:056A:490B.0002/input/input12
[    7.238923] input: WCOM490B:00 056A:490B Mouse as /devices/pci0000:00/0000:00:15.0/i2c_designware.0/i2c-0/i2c-WCOM490B:00/0018:056A:490B.0002/input/input13
[    7.238963] hid-generic 0018:056A:490B.0002: input,hidraw0: I2C HID v1.00 Mouse [WCOM490B:00 056A:490B] on i2c-WCOM490B:00
[    7.253269] input: SYNA2393:00 06CB:7A13 Mouse as /devices/pci0000:00/0000:00:15.1/i2c_designware.1/i2c-1/i2c-SYNA2393:00/0018:06CB:7A13.0001/input/input14
[    7.272987] input: SYNA2393:00 06CB:7A13 Touchpad as /devices/pci0000:00/0000:00:15.1/i2c_designware.1/i2c-1/i2c-SYNA2393:00/0018:06CB:7A13.0001/input/input15
[    7.283528] hid-multitouch 0018:06CB:7A13.0001: input,hidraw1: I2C HID v1.00 Mouse [SYNA2393:00 06CB:7A13] on i2c-SYNA2393:00
[    7.295042] nouveau 0000:01:00.0: DRM: VRAM: 4096 MiB
[    7.295044] nouveau 0000:01:00.0: DRM: GART: 536870912 MiB
[    7.295046] nouveau 0000:01:00.0: DRM: BIT table 'A' not found
[    7.295047] nouveau 0000:01:00.0: DRM: BIT table 'L' not found
[    7.295048] nouveau 0000:01:00.0: DRM: Pointer to TMDS table not found
[    7.295048] nouveau 0000:01:00.0: DRM: DCB version 4.1
[    7.295591] nouveau 0000:01:00.0: DRM: MM: using COPY for buffer copies
[    7.352826] input: Wacom HID 490B Pen as /devices/pci0000:00/0000:00:15.0/i2c_designware.0/i2c-0/i2c-WCOM490B:00/0018:056A:490B.0002/input/input17
[    7.352880] input: Wacom HID 490B Finger as /devices/pci0000:00/0000:00:15.0/i2c_designware.0/i2c-0/i2c-WCOM490B:00/0018:056A:490B.0002/input/input18
[    7.352936] wacom 0018:056A:490B.0002: hidraw0: I2C HID v1.00 Mouse [WCOM490B:00 056A:490B] on i2c-WCOM490B:00
[    7.529270] [drm] Initialized i915 1.6.0 20201103 for 0000:00:02.0 on minor 0
[    7.529369] [drm] Initialized nouveau 1.3.1 20120801 for 0000:01:00.0 on minor 1
[    7.529371] nouveau 0000:01:00.0: DRM: Disabling PCI power management to avoid bug
[    7.535372] ACPI: video: Video Device [GFX0] (multi-head: yes  rom: no  post: no)
[    7.542443] input: Video Bus as /devices/LNXSYSTM:00/LNXSYBUS:00/PNP0A08:00/LNXVIDEO:00/input/input20
[    7.542557] ACPI: video: Video Device [PEGP] (multi-head: no  rom: yes  post: no)
[    7.542574] input: Video Bus as /devices/LNXSYSTM:00/LNXSYBUS:00/PNP0A08:00/device:0b/LNXVIDEO:01/input/input21
[    7.542793] vga_switcheroo: enabled
[    7.553970] fbcon: i915 (fb0) is primary device
[    7.553972] fbcon: Deferring console take-over
[    7.553974] i915 0000:00:02.0: [drm] fb0: i915 frame buffer device
[    8.350098] EXT4-fs (dm-0): mounted filesystem with ordered data mode. Opts: (null). Quota mode: none.
[    8.558693] systemd-journald[294]: Received SIGTERM from PID 1 (systemd).
[    8.663452] SELinux:  policy capability network_peer_controls=1
[    8.663454] SELinux:  policy capability open_perms=1
[    8.663454] SELinux:  policy capability extended_socket_class=1
[    8.663455] SELinux:  policy capability always_check_network=0
[    8.663455] SELinux:  policy capability cgroup_seclabel=1
[    8.663456] SELinux:  policy capability nnp_nosuid_transition=1
[    8.663456] SELinux:  policy capability genfs_seclabel_symlinks=0
[    8.692332] systemd[1]: Successfully loaded SELinux policy in 55.805ms.
[    8.699269] systemd[1]: RTC configured in localtime, applying delta of 330 minutes to system time.
[    8.741957] systemd[1]: Relabelled /dev, /dev/shm, /run, /sys/fs/cgroup in 22.357ms.
[    8.746699] systemd[1]: systemd v248.9-1.fc34 running in system mode. (+PAM +AUDIT +SELINUX -APPARMOR +IMA +SMACK +SECCOMP +GCRYPT +GNUTLS +OPENSSL +ACL +BLKID +CURL +ELFUTILS +FIDO2 +IDN2 -IDN +IPTC +KMOD +LIBCRYPTSETUP +LIBFDISK +PCRE2 +PWQUALITY +P11KIT +QRENCODE +BZIP2 +LZ4 +XZ +ZLIB +ZSTD +XKBCOMMON +UTMP +SYSVINIT default-hierarchy=unified)
[    8.758041] systemd[1]: Detected architecture x86-64.
[    8.776422] systemd-sysv-generator[674]: SysV service '/etc/rc.d/init.d/livesys-late' lacks a native systemd unit file. Automatically generating a unit file for compatibility. Please update package to include a native systemd unit file, in order to make it more safe and robust.
[    8.776604] systemd-sysv-generator[674]: SysV service '/etc/rc.d/init.d/livesys' lacks a native systemd unit file. Automatically generating a unit file for compatibility. Please update package to include a native systemd unit file, in order to make it more safe and robust.
[    8.792265] zram: Added device: zram0
[    8.995273] systemd[1]: initrd-switch-root.service: Deactivated successfully.
[    8.995400] systemd[1]: Stopped Switch Root.
[    8.995651] systemd[1]: systemd-journald.service: Scheduled restart job, restart counter is at 1.
[    8.995877] systemd[1]: Created slice Virtual Machine and Container Slice.
[    8.996079] systemd[1]: Created slice Slice /system/getty.
[    8.996278] systemd[1]: Created slice Slice /system/modprobe.
[    8.996469] systemd[1]: Created slice Slice /system/systemd-fsck.
[    8.996691] systemd[1]: Created slice Slice /system/systemd-zram-setup.
[    8.996901] systemd[1]: Created slice User and Session Slice.
[    8.996944] systemd[1]: Condition check resulted in Dispatch Password Requests to Console Directory Watch being skipped.
[    8.997048] systemd[1]: Started Forward Password Requests to Wall Directory Watch.
[    8.997330] systemd[1]: Set up automount Arbitrary Executable File Formats File System Automount Point.
[    8.997382] systemd[1]: Reached target Local Encrypted Volumes.
[    8.997455] systemd[1]: Reached target Login Prompts.
[    8.997488] systemd[1]: Stopped target Switch Root.
[    8.997525] systemd[1]: Stopped target Initrd File Systems.
[    8.997537] systemd[1]: Stopped target Initrd Root File System.
[    8.997608] systemd[1]: Reached target Slice Units.
[    8.997669] systemd[1]: Reached target Local Verity Integrity Protected Volumes.
[    8.997966] systemd[1]: Listening on Device-mapper event daemon FIFOs.
[    8.998521] systemd[1]: Listening on LVM2 poll daemon socket.
[    8.998606] systemd[1]: Listening on multipathd control socket.
[    8.999497] systemd[1]: Listening on Process Core Dump Socket.
[    8.999580] systemd[1]: Listening on initctl Compatibility Named Pipe.
[    9.001168] systemd[1]: Listening on udev Control Socket.
[    9.001340] systemd[1]: Listening on udev Kernel Socket.
[    9.001520] systemd[1]: Listening on User Database Manager Socket.
[    9.002152] systemd[1]: Mounting Huge Pages File System...
[    9.002952] systemd[1]: Mounting POSIX Message Queue File System...
[    9.003711] systemd[1]: Mounting Kernel Debug File System...
[    9.004521] systemd[1]: Mounting Kernel Trace File System...
[    9.004671] systemd[1]: Condition check resulted in Kernel Module supporting RPCSEC_GSS being skipped.
[    9.005380] systemd[1]: Starting Create List of Static Device Nodes...
[    9.006093] systemd[1]: Starting Monitoring of LVM2 mirrors, snapshots etc. using dmeventd or progress polling...
[    9.006768] systemd[1]: Starting Load Kernel Module configfs...
[    9.007716] systemd[1]: Starting Load Kernel Module drm...
[    9.008343] systemd[1]: Starting Load Kernel Module fuse...
[    9.009021] systemd[1]: Starting Preprocess NFS configuration convertion...
[    9.009080] systemd[1]: plymouth-switch-root.service: Deactivated successfully.
[    9.009127] systemd[1]: Stopped Plymouth switch root service.
[    9.009468] systemd[1]: Condition check resulted in Set Up Additional Binary Formats being skipped.
[    9.009518] systemd[1]: Stopped Journal Service.
[    9.011055] systemd[1]: Starting Journal Service...
[    9.012358] systemd[1]: Starting Load Kernel Modules...
[    9.013105] systemd[1]: Starting Remount Root and Kernel File Systems...
[    9.013185] systemd[1]: Condition check resulted in Repartition Root Disk being skipped.
[    9.013801] systemd[1]: Starting Coldplug All udev Devices...
[    9.015015] systemd[1]: Mounted Huge Pages File System.
[    9.015136] systemd[1]: Mounted POSIX Message Queue File System.
[    9.015269] systemd[1]: Mounted Kernel Debug File System.
[    9.015369] systemd[1]: Mounted Kernel Trace File System.
[    9.015714] systemd[1]: Finished Create List of Static Device Nodes.
[    9.015951] systemd[1]: modprobe@configfs.service: Deactivated successfully.
[    9.016088] systemd[1]: Finished Load Kernel Module configfs.
[    9.016279] systemd[1]: modprobe@drm.service: Deactivated successfully.
[    9.016414] systemd[1]: Finished Load Kernel Module drm.
[    9.016621] systemd[1]: modprobe@fuse.service: Deactivated successfully.
[    9.016765] systemd[1]: Finished Load Kernel Module fuse.
[    9.017021] systemd[1]: nfs-convert.service: Deactivated successfully.
[    9.017180] systemd[1]: Finished Preprocess NFS configuration convertion.
[    9.018167] systemd[1]: Mounting FUSE Control File System...
[    9.018508] EXT4-fs (dm-0): re-mounted. Opts: (null). Quota mode: none.
[    9.018870] systemd[1]: Mounting Kernel Configuration File System...
[    9.020298] systemd[1]: Finished Remount Root and Kernel File Systems.
[    9.020450] systemd[1]: Mounted FUSE Control File System.
[    9.020549] systemd[1]: Mounted Kernel Configuration File System.
[    9.020627] systemd[1]: Condition check resulted in Special handling of early boot iSCSI sessions being skipped.
[    9.020651] systemd[1]: Condition check resulted in OSTree Remount OS/ Bind Mounts being skipped.
[    9.020680] systemd[1]: Condition check resulted in First Boot Wizard being skipped.
[    9.021790] systemd[1]: Condition check resulted in Rebuild Hardware Database being skipped.
[    9.022419] systemd[1]: Starting Load/Save Random Seed...
[    9.022505] systemd[1]: Condition check resulted in Create System Users being skipped.
[    9.023181] systemd[1]: Starting Create Static Device Nodes in /dev...
[    9.023584] systemd[1]: Finished Load Kernel Modules.
[    9.024442] systemd[1]: Starting Apply Kernel Variables...
[    9.025142] systemd-journald[695]: File /run/log/journal/8982246553074ebca1dc68ef11f1f67d/system.journal corrupted or uncleanly shut down, renaming and replacing.
[    9.029263] systemd[1]: Started Journal Service.
[    9.034247] systemd-journald[695]: Received client request to flush runtime journal.
[    9.037945] systemd-journald[695]: File /var/log/journal/8982246553074ebca1dc68ef11f1f67d/system.journal corrupted or uncleanly shut down, renaming and replacing.
[    9.180042] input: Intel HID events as /devices/platform/INT33D5:00/input/input22
[    9.188091] intel-hid INT33D5:00: platform supports 5 button array
[    9.188141] input: Intel HID 5 button array as /devices/platform/INT33D5:00/input/input23
[    9.248651] idma64 idma64.0: Found Intel integrated DMA 64-bit
[    9.249604] idma64 idma64.1: Found Intel integrated DMA 64-bit
[    9.265529] proc_thermal 0000:00:04.0: enabling device (0000 -> 0002)
[    9.265990] cdc_acm 1-1:1.0: ttyACM0: USB ACM device
[    9.266015] usbcore: registered new interface driver cdc_acm
[    9.266016] cdc_acm: USB Abstract Control Model driver for USB modems and ISDN adapters
[    9.278693] intel_rapl_common: Found RAPL domain package
[    9.278695] intel_rapl_common: Found RAPL domain dram
[    9.309079] mc: Linux media interface: v0.10
[    9.312914] ACPI: bus type thunderbolt registered
[    9.313825] mei_me 0000:00:16.0: enabling device (0000 -> 0002)
[    9.313840] input: PC Speaker as /devices/platform/pcspkr/input/input24
[    9.314184] i801_smbus 0000:00:1f.4: SPD Write Disable is set
[    9.314245] i801_smbus 0000:00:1f.4: SMBus using PCI interrupt
[    9.367306] cfg80211: Loading compiled-in X.509 certificates for regulatory database
[    9.368823] cfg80211: Loaded X.509 cert 'sforshee: 00b28ddf47aef9cea7'
[    9.370237] i801_smbus 0000:00:1f.4: Accelerometer lis3lv02d is present on SMBus but its address is unknown, skipping registration
[    9.370240] i2c i2c-27: 2/2 memory slots populated (from DMI)
[    9.370674] i2c i2c-27: Successfully instantiated SPD at 0x50
[    9.371922] videodev: Linux video capture interface: v2.00
[    9.377888] Bluetooth: Core ver 2.22
[    9.377902] NET: Registered PF_BLUETOOTH protocol family
[    9.377903] Bluetooth: HCI device and connection manager initialized
[    9.377905] Bluetooth: HCI socket layer initialized
[    9.377907] Bluetooth: L2CAP socket layer initialized
[    9.377910] Bluetooth: SCO socket layer initialized
[    9.381115] input: Dell WMI hotkeys as /devices/platform/PNP0C14:05/wmi_bus/wmi_bus-PNP0C14:05/9DBB5994-A997-11DA-B012-B622A1EF5492/input/input25
[    9.523753] zram0: detected capacity change from 0 to 16777216
[    9.538456] Adding 8388604k swap on /dev/zram0.  Priority:100 extents:1 across:8388604k SSFS
[    9.544602] Intel(R) Wireless WiFi driver for Linux
[    9.544871] iwlwifi 0000:3b:00.0: enabling device (0000 -> 0002)
[    9.548709] RAPL PMU: API unit is 2^-32 Joules, 5 fixed counters, 655360 ms ovfl timer
[    9.548711] RAPL PMU: hw unit of domain pp0-core 2^-14 Joules
[    9.548712] RAPL PMU: hw unit of domain package 2^-14 Joules
[    9.548713] RAPL PMU: hw unit of domain dram 2^-14 Joules
[    9.548714] RAPL PMU: hw unit of domain pp1-gpu 2^-14 Joules
[    9.548714] RAPL PMU: hw unit of domain psys 2^-14 Joules
[    9.566302] iwlwifi 0000:3b:00.0: Direct firmware load for iwlwifi-cc-a0-64.ucode failed with error -2
[    9.570836] usbcore: registered new interface driver btusb
[    9.582868] Bluetooth: hci0: Bootloader revision 0.3 build 0 week 24 2017
[    9.583884] Bluetooth: hci0: Device revision is 1
[    9.583886] Bluetooth: hci0: Secure boot is enabled
[    9.583887] Bluetooth: hci0: OTP lock is enabled
[    9.583888] Bluetooth: hci0: API lock is enabled
[    9.583889] Bluetooth: hci0: Debug lock is disabled
[    9.583890] Bluetooth: hci0: Minimum firmware build 1 week 10 2014
[    9.613347] iwlwifi 0000:3b:00.0: api flags index 2 larger than supported by driver
[    9.613361] iwlwifi 0000:3b:00.0: TLV_FW_FSEQ_VERSION: FSEQ Version: 89.3.35.37
[    9.613525] iwlwifi 0000:3b:00.0: loaded firmware version 63.c04f3485.0 cc-a0-63.ucode op_mode iwlmvm
[    9.632712] Bluetooth: hci0: Found device firmware: intel/ibt-20-1-3.sfi
[    9.813447] iTCO_vendor_support: vendor-support=0
[    9.813927] intel_rapl_common: Found RAPL domain package
[    9.813929] intel_rapl_common: Found RAPL domain core
[    9.813929] intel_rapl_common: Found RAPL domain uncore
[    9.813930] intel_rapl_common: Found RAPL domain dram
[    9.813931] intel_rapl_common: Found RAPL domain psys
[    9.814485] mei_hdcp 0000:00:16.0-b638ab7e-94e2-4ea2-a552-d1c54b627f04: bound 0000:00:02.0 (ops i915_hdcp_component_ops [i915])
[    9.816662] usb 1-12: Found UVC 1.00 device Integrated_Webcam_HD (0c45:6723)
[    9.824217] input: Integrated_Webcam_HD: Integrate as /devices/pci0000:00/0000:00:14.0/usb1/1-12/1-12:1.0/input/input26
[    9.824263] usbcore: registered new interface driver uvcvideo
[    9.826972] ee1004 27-0050: 512 byte EE1004-compliant SPD EEPROM, read-only
[    9.836896] iTCO_wdt iTCO_wdt: Found a Intel PCH TCO device (Version=6, TCOBASE=0x0400)
[    9.850868] iTCO_wdt iTCO_wdt: initialized. heartbeat=30 sec (nowayout=0)
[    9.900118] dell_laptop: Using i8042 filter function for receiving events
[    9.900423] snd_hda_intel 0000:00:1f.3: DSP detected with PCI class/subclass/prog-if info 0x040380
[    9.901756] snd_hda_intel 0000:00:1f.3: enabling device (0000 -> 0002)
[    9.901983] snd_hda_intel 0000:00:1f.3: bound 0000:00:02.0 (ops i915_audio_component_bind_ops [i915])
[    9.904757] iwlwifi 0000:3b:00.0: Detected Intel(R) Wi-Fi 6 AX200 160MHz, REV=0x340
[    9.914687] thermal thermal_zone12: failed to read out thermal zone (-61)
[    9.951597] intel_tcc_cooling: Programmable TCC Offset detected
[   10.049664] iwlwifi 0000:3b:00.0: Detected RF HR B3, rfid=0x10a100
[   10.062955] snd_hda_codec_realtek hdaudioC0D0: autoconfig for ALC3266: line_outs=1 (0x17/0x0/0x0/0x0/0x0) type:speaker
[   10.062958] snd_hda_codec_realtek hdaudioC0D0:    speaker_outs=0 (0x0/0x0/0x0/0x0/0x0)
[   10.062959] snd_hda_codec_realtek hdaudioC0D0:    hp_outs=1 (0x21/0x0/0x0/0x0/0x0)
[   10.062960] snd_hda_codec_realtek hdaudioC0D0:    mono: mono_out=0x0
[   10.062961] snd_hda_codec_realtek hdaudioC0D0:    inputs:
[   10.062962] snd_hda_codec_realtek hdaudioC0D0:      Headset Mic=0x18
[   10.062963] snd_hda_codec_realtek hdaudioC0D0:      Headphone Mic=0x1a
[   10.062963] snd_hda_codec_realtek hdaudioC0D0:      Internal Mic=0x12
[   10.119240] iwlwifi 0000:3b:00.0: base HW address: 90:78:41:ab:41:fe
[   10.124613] input: HDA Intel PCH Headphone Mic as /devices/pci0000:00/0000:00:1f.3/sound/card0/input27
[   10.124658] input: HDA Intel PCH HDMI/DP,pcm=3 as /devices/pci0000:00/0000:00:1f.3/sound/card0/input28
[   10.124693] input: HDA Intel PCH HDMI/DP,pcm=7 as /devices/pci0000:00/0000:00:1f.3/sound/card0/input29
[   10.124723] input: HDA Intel PCH HDMI/DP,pcm=8 as /devices/pci0000:00/0000:00:1f.3/sound/card0/input30
[   10.124752] input: HDA Intel PCH HDMI/DP,pcm=9 as /devices/pci0000:00/0000:00:1f.3/sound/card0/input31
[   10.124786] input: HDA Intel PCH HDMI/DP,pcm=10 as /devices/pci0000:00/0000:00:1f.3/sound/card0/input32
[   10.139899] iwlwifi 0000:3b:00.0 wlp59s0: renamed from wlan0
[   10.993588] EXT4-fs (nvme0n1p7): mounted filesystem with ordered data mode. Opts: (null). Quota mode: none.
[   11.656017] Bluetooth: hci0: Waiting for firmware download to complete
[   11.656896] Bluetooth: hci0: Firmware loaded in 1976737 usecs
[   11.657017] Bluetooth: hci0: Waiting for device to boot
[   11.671952] Bluetooth: hci0: Device booted in 14665 usecs
[   11.673604] Bluetooth: hci0: Found Intel DDC parameters: intel/ibt-20-1-3.ddc
[   11.676003] Bluetooth: hci0: Applying Intel DDC parameters completed
[   11.679019] Bluetooth: hci0: Firmware revision 0.3 build 164 week 35 2021
[   11.739142] Bluetooth: hci0: MSFT filter_enable is already on
[   12.123181] kauditd_printk_skb: 106 callbacks suppressed
[   12.123183] audit: type=1130 audit(1641984065.998:116): pid=1 uid=0 auid=4294967295 ses=4294967295 subj=system_u:system_r:init_t:s0 msg='unit=systemd-fsck@dev-mapper-fedora_localhost\x2d\x2dlive\x2dhome comm="systemd" exe="/usr/lib/systemd/systemd" hostname=? addr=? terminal=? res=success'
[   12.132268] EXT4-fs (dm-2): mounted filesystem with ordered data mode. Opts: (null). Quota mode: none.
[   12.136609] audit: type=1130 audit(1641984066.011:117): pid=1 uid=0 auid=4294967295 ses=4294967295 subj=system_u:system_r:init_t:s0 msg='unit=dracut-shutdown comm="systemd" exe="/usr/lib/systemd/systemd" hostname=? addr=? terminal=? res=success'
[   12.147960] audit: type=1130 audit(1641984066.023:118): pid=1 uid=0 auid=4294967295 ses=4294967295 subj=system_u:system_r:init_t:s0 msg='unit=plymouth-read-write comm="systemd" exe="/usr/lib/systemd/systemd" hostname=? addr=? terminal=? res=success'
[   12.151228] audit: type=1130 audit(1641984066.026:119): pid=1 uid=0 auid=4294967295 ses=4294967295 subj=system_u:system_r:init_t:s0 msg='unit=import-state comm="systemd" exe="/usr/lib/systemd/systemd" hostname=? addr=? terminal=? res=success'
[   12.204664] audit: type=1130 audit(1641984066.079:120): pid=1 uid=0 auid=4294967295 ses=4294967295 subj=system_u:system_r:init_t:s0 msg='unit=systemd-tmpfiles-setup comm="systemd" exe="/usr/lib/systemd/systemd" hostname=? addr=? terminal=? res=success'
[   12.207564] audit: type=1334 audit(1641984066.082:121): prog-id=28 op=LOAD
[   12.207700] audit: type=1334 audit(1641984066.082:122): prog-id=29 op=LOAD
[   12.207774] audit: type=1334 audit(1641984066.082:123): prog-id=30 op=LOAD
[   12.209146] audit: type=1334 audit(1641984066.084:124): prog-id=31 op=LOAD
[   12.219797] audit: type=1305 audit(1641984066.094:125): op=set audit_enabled=1 old=1 auid=4294967295 ses=4294967295 subj=system_u:system_r:auditd_t:s0 res=1
[   12.244472] RPC: Registered named UNIX socket transport module.
[   12.244474] RPC: Registered udp transport module.
[   12.244475] RPC: Registered tcp transport module.
[   12.244475] RPC: Registered tcp NFSv4.1 backchannel transport module.
[   19.432268] wlp59s0: authenticate with e8:de:27:2f:f3:0a
[   19.447621] wlp59s0: send auth to e8:de:27:2f:f3:0a (try 1/3)
[   19.477819] wlp59s0: authenticated
[   19.478868] wlp59s0: associate with e8:de:27:2f:f3:0a (try 1/3)
[   19.487714] wlp59s0: RX AssocResp from e8:de:27:2f:f3:0a (capab=0x431 status=0 aid=2)
[   19.521993] wlp59s0: associated
[   19.579122] IPv6: ADDRCONF(NETDEV_CHANGE): wlp59s0: link becomes ready
[   19.879717] bridge: filtering via arp/ip/ip6tables is no longer available by default. Update your scripts to load br_netfilter if you need this.
[   21.469587] rfkill: input handler disabled
[   72.338941] rfkill: input handler enabled
[   73.751496] rfkill: input handler disabled
[  138.425571] Bluetooth: BNEP (Ethernet Emulation) ver 1.3
[  138.425574] Bluetooth: BNEP filters: protocol multicast
[  138.425576] Bluetooth: BNEP socket layer initialized
[  138.439660] Bluetooth: RFCOMM TTY layer initialized
[  138.439664] Bluetooth: RFCOMM socket layer initialized
[  138.439695] Bluetooth: RFCOMM ver 1.11
[  138.590789] Bluetooth: hci0: MSFT filter_enable is already on
[  150.800879] Bluetooth: hci0: link tx timeout
[  150.826450] Bluetooth: hci0: link tx timeout
[  151.533539] Bluetooth: hci0: link tx timeout
[  892.082612] Bluetooth: hci0: link tx timeout
[  892.103036] Bluetooth: hci0: link tx timeout
[  892.752071] Bluetooth: hci0: link tx timeout
[  892.780191] Bluetooth: hci0: link tx timeout
[  894.352766] Bluetooth: hci0: link tx timeout
[  895.109695] Bluetooth: hci0: link tx timeout
[  895.130227] Bluetooth: hci0: link tx timeout
[  897.569327] ACPI BIOS Error (bug): Could not resolve symbol [\_SB.PCI0.PEG0.PEGP.BRT6.LCD], AE_NOT_FOUND (20210604/psargs-330)
[  897.569346] ACPI Error: Aborting method \_SB.PCI0.PEG0.PEGP.BRT6 due to previous error (AE_NOT_FOUND) (20210604/psparse-529)
[  897.569465] ACPI Error: Aborting method \EV5 due to previous error (AE_NOT_FOUND) (20210604/psparse-529)
[  897.569576] ACPI Error: Aborting method \SMEE due to previous error (AE_NOT_FOUND) (20210604/psparse-529)
[  897.569690] ACPI Error: Aborting method \SMIE due to previous error (AE_NOT_FOUND) (20210604/psparse-529)
[  897.569801] ACPI Error: Aborting method \NEVT due to previous error (AE_NOT_FOUND) (20210604/psparse-529)
[  897.569959] ACPI Error: Aborting method \_SB.PCI0.LPCB.ECDV._Q66 due to previous error (AE_NOT_FOUND) (20210604/psparse-529)
[  897.789572] ACPI BIOS Error (bug): Could not resolve symbol [\_SB.PCI0.PEG0.PEGP.BRT6.LCD], AE_NOT_FOUND (20210604/psargs-330)
[  897.789594] ACPI Error: Aborting method \_SB.PCI0.PEG0.PEGP.BRT6 due to previous error (AE_NOT_FOUND) (20210604/psparse-529)
[  897.789747] ACPI Error: Aborting method \EV5 due to previous error (AE_NOT_FOUND) (20210604/psparse-529)
[  897.789910] ACPI Error: Aborting method \SMEE due to previous error (AE_NOT_FOUND) (20210604/psparse-529)
[  897.790058] ACPI Error: Aborting method \SMIE due to previous error (AE_NOT_FOUND) (20210604/psparse-529)
[  897.790203] ACPI Error: Aborting method \NEVT due to previous error (AE_NOT_FOUND) (20210604/psparse-529)
[  897.790354] ACPI Error: Aborting method \_SB.PCI0.LPCB.ECDV._Q66 due to previous error (AE_NOT_FOUND) (20210604/psparse-529)
[  898.001891] ACPI BIOS Error (bug): Could not resolve symbol [\_SB.PCI0.PEG0.PEGP.BRT6.LCD], AE_NOT_FOUND (20210604/psargs-330)
[  898.001898] ACPI Error: Aborting method \_SB.PCI0.PEG0.PEGP.BRT6 due to previous error (AE_NOT_FOUND) (20210604/psparse-529)
[  898.001939] ACPI Error: Aborting method \EV5 due to previous error (AE_NOT_FOUND) (20210604/psparse-529)
[  898.001977] ACPI Error: Aborting method \SMEE due to previous error (AE_NOT_FOUND) (20210604/psparse-529)
[  898.002015] ACPI Error: Aborting method \SMIE due to previous error (AE_NOT_FOUND) (20210604/psparse-529)
[  898.002052] ACPI Error: Aborting method \NEVT due to previous error (AE_NOT_FOUND) (20210604/psparse-529)
[  898.002091] ACPI Error: Aborting method \_SB.PCI0.LPCB.ECDV._Q66 due to previous error (AE_NOT_FOUND) (20210604/psparse-529)
[  898.235874] ACPI BIOS Error (bug): Could not resolve symbol [\_SB.PCI0.PEG0.PEGP.BRT6.LCD], AE_NOT_FOUND (20210604/psargs-330)
[  898.235897] ACPI Error: Aborting method \_SB.PCI0.PEG0.PEGP.BRT6 due to previous error (AE_NOT_FOUND) (20210604/psparse-529)
[  898.236045] ACPI Error: Aborting method \EV5 due to previous error (AE_NOT_FOUND) (20210604/psparse-529)
[  898.236185] ACPI Error: Aborting method \SMEE due to previous error (AE_NOT_FOUND) (20210604/psparse-529)
[  898.236321] ACPI Error: Aborting method \SMIE due to previous error (AE_NOT_FOUND) (20210604/psparse-529)
[  898.236455] ACPI Error: Aborting method \NEVT due to previous error (AE_NOT_FOUND) (20210604/psparse-529)
[  898.236588] ACPI Error: Aborting method \_SB.PCI0.LPCB.ECDV._Q66 due to previous error (AE_NOT_FOUND) (20210604/psparse-529)
[  898.511349] ACPI BIOS Error (bug): Could not resolve symbol [\_SB.PCI0.PEG0.PEGP.BRT6.LCD], AE_NOT_FOUND (20210604/psargs-330)
[  898.511355] ACPI Error: Aborting method \_SB.PCI0.PEG0.PEGP.BRT6 due to previous error (AE_NOT_FOUND) (20210604/psparse-529)
[  898.511390] ACPI Error: Aborting method \EV5 due to previous error (AE_NOT_FOUND) (20210604/psparse-529)
[  898.511424] ACPI Error: Aborting method \SMEE due to previous error (AE_NOT_FOUND) (20210604/psparse-529)
[  898.511457] ACPI Error: Aborting method \SMIE due to previous error (AE_NOT_FOUND) (20210604/psparse-529)
[  898.511490] ACPI Error: Aborting method \NEVT due to previous error (AE_NOT_FOUND) (20210604/psparse-529)
[  898.511523] ACPI Error: Aborting method \_SB.PCI0.LPCB.ECDV._Q66 due to previous error (AE_NOT_FOUND) (20210604/psparse-529)
[  898.786673] ACPI BIOS Error (bug): Could not resolve symbol [\_SB.PCI0.PEG0.PEGP.BRT6.LCD], AE_NOT_FOUND (20210604/psargs-330)
[  898.786694] ACPI Error: Aborting method \_SB.PCI0.PEG0.PEGP.BRT6 due to previous error (AE_NOT_FOUND) (20210604/psparse-529)
[  898.786821] ACPI Error: Aborting method \EV5 due to previous error (AE_NOT_FOUND) (20210604/psparse-529)
[  898.787031] ACPI Error: Aborting method \SMEE due to previous error (AE_NOT_FOUND) (20210604/psparse-529)
[  898.787238] ACPI Error: Aborting method \SMIE due to previous error (AE_NOT_FOUND) (20210604/psparse-529)
[  898.787446] ACPI Error: Aborting method \NEVT due to previous error (AE_NOT_FOUND) (20210604/psparse-529)
[  898.787656] ACPI Error: Aborting method \_SB.PCI0.LPCB.ECDV._Q66 due to previous error (AE_NOT_FOUND) (20210604/psparse-529)
[  932.227942] Bluetooth: hci0: link tx timeout
[  934.489964] Bluetooth: hci0: link tx timeout
[  936.326907] Bluetooth: hci0: link tx timeout
[  938.165649] Bluetooth: hci0: link tx timeout
[  938.185869] Bluetooth: hci0: link tx timeout
[  940.020080] Bluetooth: hci0: link tx timeout
[  940.422383] Bluetooth: hci0: link tx timeout
[  942.262139] Bluetooth: hci0: link tx timeout
[  944.502567] Bluetooth: hci0: link tx timeout
[  944.522785] Bluetooth: hci0: link tx timeout
[  947.662963] Bluetooth: hci0: link tx timeout
[  947.683336] Bluetooth: hci0: link tx timeout
[  947.703452] Bluetooth: hci0: link tx timeout
